
> rest-express@1.0.0 build
> tsx script/build.ts

building client...
vite v7.3.0 building client environment for production...
transforming...
Browserslist: browsers data (caniuse-lite) is 12 months old. Please run:
  npx update-browserslist-db@latest
  Why you should do it regularly: https://github.com/browserslist/update-db#readme
✓ 3380 modules transformed.
rendering chunks...
computing gzip size...
../dist/public/index.html                                              1.63 kB │ gzip:   0.63 kB
../dist/public/assets/DprEquipmentReadOnlyRow-5kkuXjul.css             4.99 kB │ gzip:   1.17 kB
../dist/public/assets/SiteReport-CVmD5qey.css                          6.35 kB │ gzip:   1.56 kB
../dist/public/assets/index-JnBcMwn8.css                             192.14 kB │ gzip:  29.52 kB
../dist/public/assets/circle-CSGBDldq.js                               0.12 kB │ gzip:   0.13 kB
../dist/public/assets/chevron-down-sTtVC7vv.js                         0.12 kB │ gzip:   0.14 kB
../dist/public/assets/chevron-left-CgBWqM_2.js                         0.13 kB │ gzip:   0.14 kB
../dist/public/assets/filter-Dgky5opl.js                               0.16 kB │ gzip:   0.16 kB
../dist/public/assets/arrow-left-oeRUchQ1.js                           0.16 kB │ gzip:   0.16 kB
../dist/public/assets/arrow-right-BoiYtOsi.js                          0.16 kB │ gzip:   0.16 kB
../dist/public/assets/arrow-up-right-D_GG9FHm.js                       0.16 kB │ gzip:   0.15 kB
../dist/public/assets/search-2i_Z2Gfc.js                               0.16 kB │ gzip:   0.16 kB
../dist/public/assets/ban-CENw8RI9.js                                  0.17 kB │ gzip:   0.16 kB
../dist/public/assets/circle-check-DmLSu4zh.js                         0.17 kB │ gzip:   0.16 kB
../dist/public/assets/power-CLa6OQTk.js                                0.17 kB │ gzip:   0.16 kB
../dist/public/assets/gauge-BCSStDM4.js                                0.17 kB │ gzip:   0.17 kB
../dist/public/assets/clock-w_LkoSsV.js                                0.18 kB │ gzip:   0.16 kB
../dist/public/assets/user-DwuKU5A8.js                                 0.19 kB │ gzip:   0.18 kB
../dist/public/assets/rotate-ccw-BJMWsIkP.js                           0.20 kB │ gzip:   0.18 kB
../dist/public/assets/circle-plus-CJvcnvR4.js                          0.20 kB │ gzip:   0.17 kB
../dist/public/assets/trending-up-DmLVFNBJ.js                          0.20 kB │ gzip:   0.18 kB
../dist/public/assets/lock-CcBNmqSp.js                                 0.20 kB │ gzip:   0.19 kB
../dist/public/assets/arrow-down-to-line-BlBgMYFq.js                   0.20 kB │ gzip:   0.18 kB
../dist/public/assets/arrow-up-from-line-BI2rSdP9.js                   0.20 kB │ gzip:   0.18 kB
../dist/public/assets/trending-down-CZM3RG_Y.js                        0.20 kB │ gzip:   0.17 kB
../dist/public/assets/undo-2-B8QDT9aN.js                               0.20 kB │ gzip:   0.17 kB
../dist/public/assets/move-horizontal-D2l1T1hA.js                      0.21 kB │ gzip:   0.18 kB
../dist/public/assets/lock-open-NzwQn6dN.js                            0.21 kB │ gzip:   0.19 kB
../dist/public/assets/dieselIssued-BQo0xEwe.js                         0.21 kB │ gzip:   0.16 kB
../dist/public/assets/skeleton-C2z1ePgv.js                             0.21 kB │ gzip:   0.18 kB
../dist/public/assets/target-D6m8CYB2.js                               0.22 kB │ gzip:   0.15 kB
../dist/public/assets/copy-BV0sN0MV.js                                 0.23 kB │ gzip:   0.20 kB
../dist/public/assets/activity-Dx5qfC_v.js                             0.23 kB │ gzip:   0.19 kB
../dist/public/assets/pen-2505uNBS.js                                  0.23 kB │ gzip:   0.20 kB
../dist/public/assets/history-DhAqN-tW.js                              0.23 kB │ gzip:   0.19 kB
../dist/public/assets/link-2-DYCQAJwG.js                               0.24 kB │ gzip:   0.20 kB
../dist/public/assets/heating-trends-constants-BAeNt9XT.js             0.24 kB │ gzip:   0.20 kB
../dist/public/assets/arrow-left-right-Cz_cf7Cc.js                     0.24 kB │ gzip:   0.19 kB
../dist/public/assets/arrow-right-left-BPJUuOhu.js                     0.24 kB │ gzip:   0.19 kB
../dist/public/assets/settings-2-DD4cCRdt.js                           0.24 kB │ gzip:   0.19 kB
../dist/public/assets/camera-D2q2gYt-.js                               0.25 kB │ gzip:   0.21 kB
../dist/public/assets/test-tube-C6jFVSvU.js                            0.25 kB │ gzip:   0.19 kB
../dist/public/assets/file-warning-444ZrLr-.js                         0.25 kB │ gzip:   0.19 kB
../dist/public/assets/route--d209m0B.js                                0.25 kB │ gzip:   0.20 kB
../dist/public/assets/ReportExportGate-Dr3xpkcK.js                     0.25 kB │ gzip:   0.21 kB
../dist/public/assets/external-link-BaoXbyUr.js                        0.25 kB │ gzip:   0.20 kB
../dist/public/assets/chart-column-B8iqBQsc.js                         0.25 kB │ gzip:   0.19 kB
../dist/public/assets/eye-B8BitS_1.js                                  0.25 kB │ gzip:   0.19 kB
../dist/public/assets/map-pin-lM03PveN.js                              0.25 kB │ gzip:   0.22 kB
../dist/public/assets/calendar-BGUhMeuz.js                             0.25 kB │ gzip:   0.20 kB
../dist/public/assets/upload-DdG5Y5Ca.js                               0.25 kB │ gzip:   0.21 kB
../dist/public/assets/download-BpV7ixXT.js                             0.26 kB │ gzip:   0.21 kB
../dist/public/assets/zap-Biec22RH.js                                  0.26 kB │ gzip:   0.20 kB
../dist/public/assets/image-B-Wqxwp1.js                                0.27 kB │ gzip:   0.22 kB
../dist/public/assets/shield-Cwjp_TMc.js                               0.27 kB │ gzip:   0.22 kB
../dist/public/assets/pencil-DcI8Dzon.js                               0.27 kB │ gzip:   0.22 kB
../dist/public/assets/flame-BmaEIQ36.js                                0.28 kB │ gzip:   0.23 kB
../dist/public/assets/git-compare-jRa5KZgR.js                          0.28 kB │ gzip:   0.21 kB
../dist/public/assets/dprReference-BwmQQDD1.js                         0.28 kB │ gzip:   0.21 kB
../dist/public/assets/inbox-DpUevoQL.js                                0.28 kB │ gzip:   0.23 kB
../dist/public/assets/shopping-cart-DT9GTBUv.js                        0.28 kB │ gzip:   0.23 kB
../dist/public/assets/stockOwnerLabel-BIUb1SNa.js                      0.29 kB │ gzip:   0.24 kB
../dist/public/assets/house-CsYSUzwb.js                                0.29 kB │ gzip:   0.21 kB
../dist/public/assets/send-CDi9RuLG.js                                 0.29 kB │ gzip:   0.22 kB
../dist/public/assets/folder-open-CF3m9ppb.js                          0.29 kB │ gzip:   0.22 kB
../dist/public/assets/list-CvbrEyNf.js                                 0.30 kB │ gzip:   0.18 kB
../dist/public/assets/file-down-CycZUz0G.js                            0.30 kB │ gzip:   0.21 kB
../dist/public/assets/clipboard-check-IFrrMC7K.js                      0.30 kB │ gzip:   0.23 kB
../dist/public/assets/calendar-check-CI_cSmEL.js                       0.30 kB │ gzip:   0.22 kB
../dist/public/assets/users-Bz-JoyuU.js                                0.30 kB │ gzip:   0.22 kB
../dist/public/assets/flask-conical-hBl6A_Vm.js                        0.31 kB │ gzip:   0.24 kB
../dist/public/assets/pencil-line-Dl40g6WV.js                          0.32 kB │ gzip:   0.23 kB
../dist/public/assets/printer-Dp4lHcgb.js                              0.32 kB │ gzip:   0.23 kB
../dist/public/assets/square-pen-ajzLXc-5.js                           0.32 kB │ gzip:   0.24 kB
../dist/public/assets/transportRate-EU1knX-R.js                        0.32 kB │ gzip:   0.23 kB
../dist/public/assets/BarChart-CwUda7nY.js                             0.32 kB │ gzip:   0.23 kB
../dist/public/assets/save-ojDLrEdy.js                                 0.32 kB │ gzip:   0.22 kB
../dist/public/assets/file-text-C7ouL55a.js                            0.33 kB │ gzip:   0.21 kB
../dist/public/assets/shield-alert-C_obazmt.js                         0.35 kB │ gzip:   0.26 kB
../dist/public/assets/calendar-plus-BXTkJYZs.js                        0.35 kB │ gzip:   0.23 kB
../dist/public/assets/layout-list-Drm535c-.js                          0.36 kB │ gzip:   0.22 kB
../dist/public/assets/warehouse-BfP6bDnX.js                            0.36 kB │ gzip:   0.25 kB
../dist/public/assets/image-plus-BFDDtKaE.js                           0.36 kB │ gzip:   0.25 kB
../dist/public/assets/scale-USV5gNw2.js                                0.36 kB │ gzip:   0.23 kB
../dist/public/assets/layers-DQ3_rPQ-.js                               0.36 kB │ gzip:   0.23 kB
../dist/public/assets/fuel-CiJezfYV.js                                 0.36 kB │ gzip:   0.24 kB
../dist/public/assets/droplets-BXYrNGpJ.js                             0.37 kB │ gzip:   0.28 kB
../dist/public/assets/use-device-type-CRpxyj8u.js                      0.39 kB │ gzip:   0.27 kB
../dist/public/assets/ruler-CFYGZdLq.js                                0.40 kB │ gzip:   0.24 kB
../dist/public/assets/truck-Dl2X4B_9.js                                0.40 kB │ gzip:   0.26 kB
../dist/public/assets/equipmentLabel-DbIaD_7j.js                       0.40 kB │ gzip:   0.28 kB
../dist/public/assets/apiError-Bx5LzqIr.js                             0.41 kB │ gzip:   0.26 kB
../dist/public/assets/siteName-9CC7leIx.js                             0.42 kB │ gzip:   0.26 kB
../dist/public/assets/package-check-CQI0tpJS.js                        0.42 kB │ gzip:   0.28 kB
../dist/public/assets/estimatorAuth-BfMpATD-.js                        0.45 kB │ gzip:   0.33 kB
../dist/public/assets/equipmentStatus-D6D50guO.js                      0.47 kB │ gzip:   0.30 kB
../dist/public/assets/calendar-days-CIVDLI5c.js                        0.49 kB │ gzip:   0.26 kB
../dist/public/assets/list-todo-_YjstgRj.js                            0.50 kB │ gzip:   0.30 kB
../dist/public/assets/sparkles-xUQ2lL8O.js                             0.51 kB │ gzip:   0.30 kB
../dist/public/assets/wand-sparkles-DW6iicrc.js                        0.51 kB │ gzip:   0.29 kB
../dist/public/assets/textarea-DaXJu8dT.js                             0.54 kB │ gzip:   0.35 kB
../dist/public/assets/use-persisted-filters-Cl2ZQBcd.js                0.56 kB │ gzip:   0.35 kB
../dist/public/assets/equipmentIdentification-B4u_aEbT.js              0.57 kB │ gzip:   0.35 kB
../dist/public/assets/materialUnloadingSummary-C-YAPxcb.js             0.62 kB │ gzip:   0.39 kB
../dist/public/assets/checkbox-afmIH9vx.js                             0.71 kB │ gzip:   0.41 kB
../dist/public/assets/arrangementTripRates-CzPq4z-T.js                 0.74 kB │ gzip:   0.46 kB
../dist/public/assets/plannedWork-Bz6FO5fL.js                          0.74 kB │ gzip:   0.35 kB
../dist/public/assets/tooltip-BBc9RBsW.js                              0.78 kB │ gzip:   0.44 kB
../dist/public/assets/use-origin-2z1hApuU.js                           0.83 kB │ gzip:   0.49 kB
../dist/public/assets/layerDisplay-Dr7bqgql.js                         0.84 kB │ gzip:   0.44 kB
../dist/public/assets/boxes-DjK_doaA.js                                0.85 kB │ gzip:   0.39 kB
../dist/public/assets/switch-BeZpV3xQ.js                               0.86 kB │ gzip:   0.46 kB
../dist/public/assets/equipmentLifecycle-DFdZkTqc.js                   0.95 kB │ gzip:   0.45 kB
../dist/public/assets/ProgrammeLink-Cq-foHaI.js                        0.96 kB │ gzip:   0.45 kB
../dist/public/assets/plannedWorkArrangement-N-QctmCq.js               1.01 kB │ gzip:   0.53 kB
../dist/public/assets/use-dprs-SoqKsfir.js                             1.04 kB │ gzip:   0.56 kB
../dist/public/assets/ArrangementRegisterLink-JrbBR5Xr.js              1.07 kB │ gzip:   0.61 kB
../dist/public/assets/ldoStock-BwxjnvWD.js                             1.18 kB │ gzip:   0.57 kB
../dist/public/assets/tabs-DVo02178.js                                 1.26 kB │ gzip:   0.51 kB
../dist/public/assets/equipmentActivityAllocations-C-LU7Eu1.js         1.35 kB │ gzip:   0.59 kB
../dist/public/assets/progressReportNav-CpbYdovB.js                    1.40 kB │ gzip:   0.67 kB
../dist/public/assets/use-upload-lnc8Dz4s.js                           1.42 kB │ gzip:   0.60 kB
../dist/public/assets/arrangementStatusHistory-B7tnEIVi.js             1.43 kB │ gzip:   0.61 kB
../dist/public/assets/boqNormalise-BaYE_5Ya.js                         1.49 kB │ gzip:   0.56 kB
../dist/public/assets/table-CqN2trhI.js                                1.53 kB │ gzip:   0.54 kB
../dist/public/assets/dprWorkHub-BxqxaVgk.js                           1.55 kB │ gzip:   0.75 kB
../dist/public/assets/boqWorkCategories-CLapsT6O.js                    1.59 kB │ gzip:   0.76 kB
../dist/public/assets/AutoSaveIndicator-C8hBS48o.js                    1.59 kB │ gzip:   0.81 kB
../dist/public/assets/LocationPicker-DnE1DyiD.js                       1.61 kB │ gzip:   0.77 kB
../dist/public/assets/boqDisplayOrder-1Hp1bwej.js                      1.73 kB │ gzip:   0.80 kB
../dist/public/assets/form-C58RY0C1.js                                 1.76 kB │ gzip:   0.77 kB
../dist/public/assets/PlantHome-D1kL1OJI.js                            2.04 kB │ gzip:   0.87 kB
../dist/public/assets/alert-dialog-CGtE0J5L.js                         2.06 kB │ gzip:   0.75 kB
../dist/public/assets/use-before-unload-DkhCZqA7.js                    2.12 kB │ gzip:   0.86 kB
../dist/public/assets/PersonnelCombobox-jMv4L0xe.js                    2.31 kB │ gzip:   1.12 kB
../dist/public/assets/barSide-ypAKbuQ-.js                              2.34 kB │ gzip:   0.91 kB
../dist/public/assets/use-form-draft-D1ruYJ4G.js                       2.36 kB │ gzip:   1.13 kB
../dist/public/assets/SiteSuccess-D--RDZzc.js                          2.40 kB │ gzip:   1.04 kB
../dist/public/assets/dprActualBalance-CXaep3HU.js                     2.42 kB │ gzip:   1.14 kB
../dist/public/assets/boqItemName-D9lC14I_.js                          2.55 kB │ gzip:   1.07 kB
../dist/public/assets/AttachmentUploader-Br9ma4T_.js                   2.56 kB │ gzip:   1.16 kB
../dist/public/assets/cutFillReconciliation-Cnsqpk9n.js                2.69 kB │ gzip:   1.00 kB
../dist/public/assets/MastersHub-C7RbAxgN.js                           2.75 kB │ gzip:   1.18 kB
../dist/public/assets/dprBoqSelection-BRM6_Wrl.js                      2.80 kB │ gzip:   1.27 kB
../dist/public/assets/EstimatorLogin-Cf_dIVE6.js                       2.81 kB │ gzip:   1.36 kB
../dist/public/assets/HubActionTile-C2okvPha.js                        3.00 kB │ gzip:   0.96 kB
../dist/public/assets/select-81RllEo2.js                               3.17 kB │ gzip:   1.17 kB
../dist/public/assets/dieselEntryValidation-BnavutdT.js                3.28 kB │ gzip:   1.43 kB
../dist/public/assets/requirementFulfilment-BI78HFUz.js                3.41 kB │ gzip:   1.38 kB
../dist/public/assets/stockReconciliation-DkV6sHoZ.js                  3.51 kB │ gzip:   1.50 kB
../dist/public/assets/DryerSourceFixDialog-CxwB4Vpn.js                 3.57 kB │ gzip:   1.43 kB
../dist/public/assets/NegativeBalanceBanner-D6Q-E5FC.js                3.58 kB │ gzip:   1.36 kB
../dist/public/assets/dropdown-menu-CTosRdXk.js                        3.86 kB │ gzip:   1.07 kB
../dist/public/assets/overlapReason-DBHla1yo.js                        3.93 kB │ gzip:   1.50 kB
../dist/public/assets/projectScope-BPOuaEvE.js                         3.97 kB │ gzip:   1.60 kB
../dist/public/assets/DprWorkHub-BWgR25ma.js                           4.03 kB │ gzip:   1.72 kB
../dist/public/assets/AdminMastersHub-BZDqO6Zq.js                      4.04 kB │ gzip:   1.42 kB
../dist/public/assets/AttachmentGallery-zLoPCyy8.js                    4.15 kB │ gzip:   1.76 kB
../dist/public/assets/BreakdownStoppageEditor-DcsuxZxx.js              4.53 kB │ gzip:   1.67 kB
../dist/public/assets/FinanceHub-COlN76jr.js                           4.70 kB │ gzip:   1.71 kB
../dist/public/assets/dprSubmitReadiness-Dw7INwtx.js                   4.77 kB │ gzip:   1.71 kB
../dist/public/assets/PlantMasters-CMS_6vP1.js                         4.84 kB │ gzip:   1.99 kB
../dist/public/assets/PlantNew-Bkt26DMx.js                             4.87 kB │ gzip:   1.81 kB
../dist/public/assets/dprProgrammeLink-Sm-zikKI.js                     4.90 kB │ gzip:   1.89 kB
../dist/public/assets/AttachmentViewer-BKht28ZW.js                     5.01 kB │ gzip:   1.97 kB
../dist/public/assets/HistoryDialog-ChbBQxe1.js                        5.22 kB │ gzip:   2.09 kB
../dist/public/assets/equipmentUsage-7tHtKbbc.js                       5.27 kB │ gzip:   1.90 kB
../dist/public/assets/NotificationPreferences-CJSjeqp3.js              5.40 kB │ gzip:   2.13 kB
../dist/public/assets/cutFillLedger-0gSvLNxI.js                        5.45 kB │ gzip:   1.93 kB
../dist/public/assets/DraftRestoreBanner-tMLYyhhY.js                   5.45 kB │ gzip:   2.10 kB
../dist/public/assets/DeviceApproval-DVzA2TSG.js                       5.52 kB │ gzip:   2.02 kB
../dist/public/assets/ExecutionStateBadge-eHxQPFKY.js                  5.55 kB │ gzip:   2.09 kB
../dist/public/assets/EquipmentHub-BTkWZoDy.js                         5.58 kB │ gzip:   2.19 kB
../dist/public/assets/EstimatorHub-C-y67-7_.js                         5.76 kB │ gzip:   1.52 kB
../dist/public/assets/AdminReports-DkUu1Lgt.js                         5.81 kB │ gzip:   2.41 kB
../dist/public/assets/EditPermissionButton-D9Gk2bNo.js                 5.87 kB │ gzip:   2.28 kB
../dist/public/assets/PlantDetails-CLVt-g_o.js                         5.91 kB │ gzip:   1.97 kB
../dist/public/assets/SiteHub-C74Xcg5M.js                              5.98 kB │ gzip:   2.22 kB
../dist/public/assets/bitumen-dip-chart-B4pdDJEy.js                    6.49 kB │ gzip:   1.73 kB
../dist/public/assets/ldo-dip-chart-1MdQ0f0b.js                        6.64 kB │ gzip:   1.78 kB
../dist/public/assets/StoresLedger-CPqVuThf.js                         6.89 kB │ gzip:   2.01 kB
../dist/public/assets/ReportsHub-CIlkK94c.js                           6.99 kB │ gzip:   2.37 kB
../dist/public/assets/PlantAuditReport-Bt3kHbNT.js                     7.22 kB │ gzip:   2.06 kB
../dist/public/assets/dprGeometry-BGwNdSac.js                          7.23 kB │ gzip:   2.83 kB
../dist/public/assets/materialReceiptSummary-BnxizNp5.js               7.42 kB │ gzip:   2.74 kB
../dist/public/assets/RmcDeliveryChallans-CyEDo-lq.js                  8.12 kB │ gzip:   2.28 kB
../dist/public/assets/PlantStockTransfer-DUnPwC9R.js                   8.25 kB │ gzip:   2.79 kB
../dist/public/assets/SiteMaterialStock-lH3YISUm.js                    8.28 kB │ gzip:   3.08 kB
../dist/public/assets/VendorMaster-CBdIKhIM.js                         8.36 kB │ gzip:   3.02 kB
../dist/public/assets/MyPlans-Dv9kOn75.js                              8.50 kB │ gzip:   2.51 kB
../dist/public/assets/vendorBillTransport-Ce-BjIDh.js                  8.67 kB │ gzip:   3.03 kB
../dist/public/assets/PlanVsActualTable-Bm9GjjJZ.js                    8.68 kB │ gzip:   2.37 kB
../dist/public/assets/StoresDieselRegister-Cj7VBL3B.js                 8.73 kB │ gzip:   2.91 kB
../dist/public/assets/PlantStockReassign-B1gXhnlx.js                   8.83 kB │ gzip:   2.92 kB
../dist/public/assets/EditRequestsPage-CmaXU2LG.js                     9.03 kB │ gzip:   3.02 kB
../dist/public/assets/ResourceReview-Dpd6ivOO.js                       9.16 kB │ gzip:   3.68 kB
../dist/public/assets/StoresItems-DcMTNzQ9.js                          9.29 kB │ gzip:   3.01 kB
../dist/public/assets/PlantLedgerRebuild-M7mqx_kM.js                   9.31 kB │ gzip:   2.94 kB
../dist/public/assets/RmcHub-CjUxBUwH.js                               9.58 kB │ gzip:   3.49 kB
../dist/public/assets/DataSync-IY7RFMf9.js                             9.67 kB │ gzip:   3.18 kB
../dist/public/assets/PlantProjectReport-B517JwAq.js                   9.81 kB │ gzip:   2.99 kB
../dist/public/assets/EquipmentActivityAllocationEditor-DQhEEpiT.js   10.08 kB │ gzip:   3.16 kB
../dist/public/assets/VehicleSupplierAssociationNotice-CBGc63HB.js    10.11 kB │ gzip:   4.00 kB
../dist/public/assets/SiteBackfill-B0m-Ift0.js                        10.30 kB │ gzip:   2.74 kB
../dist/public/assets/workTypeRecipes-CX9Gkvwj.js                     10.37 kB │ gzip:   3.62 kB
../dist/public/assets/browser-Hph_FhWo.js                             10.38 kB │ gzip:   5.11 kB
../dist/public/assets/ConcreteEstimates-CpKlnSfX.js                   10.52 kB │ gzip:   3.47 kB
../dist/public/assets/PermissionMigrationAudit-DlKqLER6.js            10.66 kB │ gzip:   3.24 kB
../dist/public/assets/PendingPlantReceipts--9EsScul.js                10.75 kB │ gzip:   3.41 kB
../dist/public/assets/BarArrangementPanel-BqAV5AVI.js                 10.82 kB │ gzip:   3.43 kB
../dist/public/assets/EquipmentStatus-BJOZ-HXt.js                     11.16 kB │ gzip:   3.74 kB
../dist/public/assets/LineChart-C6DuwC5A.js                           11.17 kB │ gzip:   4.32 kB
../dist/public/assets/RmcDailyReport-K1hwvEAL.js                      11.26 kB │ gzip:   2.91 kB
../dist/public/assets/EquipmentMasterCreateDialog-2SSAQ3_K.js         11.27 kB │ gzip:   3.58 kB
../dist/public/assets/ReceiptWorkContext-DWMltwen.js                  11.31 kB │ gzip:   3.69 kB
../dist/public/assets/PlantDieselProcurementReport-De_StPSv.js        11.34 kB │ gzip:   3.22 kB
../dist/public/assets/StoresHub-BHA0PVcp.js                           11.57 kB │ gzip:   3.56 kB
../dist/public/assets/PlantHeatingMismatch-CW_I2brC.js                11.60 kB │ gzip:   3.17 kB
../dist/public/assets/PlantVarianceReport-CRPCcwrh.js                 11.80 kB │ gzip:   3.42 kB
../dist/public/assets/Account-CpW21Ron.js                             11.81 kB │ gzip:   3.49 kB
../dist/public/assets/HmpHub-BuwS4YsG.js                              11.91 kB │ gzip:   4.08 kB
../dist/public/assets/RmcMixDesigns-DQkeDtsz.js                       12.08 kB │ gzip:   3.17 kB
../dist/public/assets/RmcRawMaterials-BXo3iDSU.js                     13.03 kB │ gzip:   3.64 kB
../dist/public/assets/PlantGeneratorLogs-xisF4xBN.js                  13.56 kB │ gzip:   4.38 kB
../dist/public/assets/StoresHome-BpUV4Vif.js                          13.59 kB │ gzip:   2.94 kB
../dist/public/assets/EarthworkControl-DjhE6HyZ.js                    13.59 kB │ gzip:   3.95 kB
../dist/public/assets/BoqItemReview-6RpRYsln.js                       13.60 kB │ gzip:   3.97 kB
../dist/public/assets/MixComparativeReport-BQUzbGSr.js                13.76 kB │ gzip:   4.02 kB
../dist/public/assets/mixCalc-8thFNMgU.js                             13.80 kB │ gzip:   5.28 kB
../dist/public/assets/command-CoScms-8.js                             13.91 kB │ gzip:   5.32 kB
../dist/public/assets/AdminSettings-D25y0Mde.js                       14.45 kB │ gzip:   3.60 kB
../dist/public/assets/RmcCubeTests-D7S81SqY.js                        14.49 kB │ gzip:   4.38 kB
../dist/public/assets/SitePurchasesReport-Ck-E8j2U.js                 14.61 kB │ gzip:   4.15 kB
../dist/public/assets/MixEstimates-CTbAf7P2.js                        15.07 kB │ gzip:   4.62 kB
../dist/public/assets/PlantLdoReconciliation-BRtClzX6.js              15.19 kB │ gzip:   4.03 kB
../dist/public/assets/DprSections-D6zJX7a_.js                         15.21 kB │ gzip:   5.90 kB
../dist/public/assets/RmcBatchRecords-DzARgMmu.js                     15.29 kB │ gzip:   4.26 kB
../dist/public/assets/IrnListPage-B8P6f1wd.js                         15.73 kB │ gzip:   4.28 kB
../dist/public/assets/EquipmentHireBilling-u4qvAY0U.js                16.59 kB │ gzip:   5.00 kB
../dist/public/assets/BoqProjects-DlEe17J1.js                         16.64 kB │ gzip:   4.89 kB
../dist/public/assets/EquipmentPerformanceReport-Bikv_Z7T.js          16.74 kB │ gzip:   5.24 kB
../dist/public/assets/PlantLdoBackfill-DdQqT6gH.js                    17.21 kB │ gzip:   5.98 kB
../dist/public/assets/SiteHome-CL8FvYoB.js                            17.44 kB │ gzip:   3.63 kB
../dist/public/assets/PlanningMasters-D2uoq_G8.js                     17.47 kB │ gzip:   4.36 kB
../dist/public/assets/IrnRaisePage-cPTF-2o8.js                        17.57 kB │ gzip:   5.46 kB
../dist/public/assets/PlantLdoDipBackfill-C6jq33rT.js                 18.09 kB │ gzip:   6.23 kB
../dist/public/assets/ScenarioComparison-DJa41lDI.js                  18.15 kB │ gzip:   4.36 kB
../dist/public/assets/PlantStockReconciliation-D52R2-Nb.js            18.15 kB │ gzip:   5.74 kB
../dist/public/assets/PlantMaterialReturns-DyxWuLkb.js                18.72 kB │ gzip:   5.82 kB
../dist/public/assets/PlantHeatingTrends-C6hi0v29.js                  19.23 kB │ gzip:   4.62 kB
../dist/public/assets/PlantMaterialIssues-DhcKnm84.js                 20.29 kB │ gzip:   6.50 kB
../dist/public/assets/RoadGeometry-BFFZ4Yfr.js                        21.74 kB │ gzip:   6.70 kB
../dist/public/assets/ManagementReport-CyBLwQ4z.js                    22.39 kB │ gzip:   5.79 kB
../dist/public/assets/purify.es-Bzr520pe.js                           22.45 kB │ gzip:   8.59 kB
../dist/public/assets/StoresIssue-fECaTGaA.js                         22.49 kB │ gzip:   6.27 kB
../dist/public/assets/NormsLibrary-BNDx0967.js                        22.64 kB │ gzip:   5.64 kB
../dist/public/assets/ScopeSetup-Dg5jFXvB.js                          22.79 kB │ gzip:   6.48 kB
../dist/public/assets/BoqImportWizard-BJ4hQR2E.js                     24.61 kB │ gzip:   7.67 kB
../dist/public/assets/PlantDailyReports-CJy-GR3h.js                   24.77 kB │ gzip:   7.43 kB
../dist/public/assets/vendor-datefns-Cuz_WERE.js                      25.06 kB │ gzip:   7.35 kB
../dist/public/assets/MixImpact-BthLeQjO.js                           25.53 kB │ gzip:   6.96 kB
../dist/public/assets/BoqProgramSettings-CvIyLCBT.js                  26.73 kB │ gzip:   7.33 kB
../dist/public/assets/SiteMaterialsReceived-BsIQR-yd.js               27.28 kB │ gzip:   6.60 kB
../dist/public/assets/ExecutionArrangements-wha1K7Rm.js               28.85 kB │ gzip:   8.62 kB
../dist/public/assets/SiteRequirementNew-CixsWJRb.js                  28.91 kB │ gzip:   7.24 kB
../dist/public/assets/RateCards-BALJuvW5.js                           30.44 kB │ gzip:   7.82 kB
../dist/public/assets/zod-D40P_XHV.js                                 30.60 kB │ gzip:  11.25 kB
../dist/public/assets/DprEquipmentReadOnlyRow-Bp7RVgFp.js             30.81 kB │ gzip:   9.29 kB
../dist/public/assets/PlantDailyReport-DNetv8Ve.js                    31.34 kB │ gzip:   7.43 kB
../dist/public/assets/PlantMaintenance-CDCk1bIB.js                    33.94 kB │ gzip:   8.28 kB
../dist/public/assets/vendor-query-PIdvf_Vq.js                        36.31 kB │ gzip:  10.75 kB
../dist/public/assets/BillItemPicker-DblDTl3C.js                      36.58 kB │ gzip:  11.49 kB
../dist/public/assets/SiteReport-w4qDlqzw.js                          38.11 kB │ gzip:  12.18 kB
../dist/public/assets/PlantLdoMismatch-BQACB5BV.js                    42.04 kB │ gzip:  11.34 kB
../dist/public/assets/SiteDashboard-wJ7DUve1.js                       42.32 kB │ gzip:  10.50 kB
../dist/public/assets/PlantDispatches-IdzgCpiJ.js                     45.48 kB │ gzip:  12.07 kB
../dist/public/assets/PlantHeatingSessions-QbUI_CvG.js                47.20 kB │ gzip:  11.47 kB
../dist/public/assets/planningEngine-CE_OBgjt.js                      47.36 kB │ gzip:  14.15 kB
../dist/public/assets/ProgressReport-BrIiRPae.js                      47.98 kB │ gzip:  13.13 kB
../dist/public/assets/EarthworkArrangementDialog-JFrOftbH.js          49.01 kB │ gzip:  13.01 kB
../dist/public/assets/SiteMaterialTrips-CHTtdk5Q.js                   53.72 kB │ gzip:  14.64 kB
../dist/public/assets/PlantBitumenStock-Bs-clvNk.js                   55.38 kB │ gzip:  13.36 kB
../dist/public/assets/IrnDetailPage-CyA8so9J.js                       57.76 kB │ gzip:  12.48 kB
../dist/public/assets/PlantShiftLog-C0r_JxVl.js                       59.51 kB │ gzip:  15.09 kB
../dist/public/assets/index-CFEKd020.js                               60.06 kB │ gzip:  14.39 kB
../dist/public/assets/PlantEquipmentUsage-DK3YRgoq.js                 60.68 kB │ gzip:  16.35 kB
../dist/public/assets/SiteRequirementsList-BURDoX3f.js                60.83 kB │ gzip:  14.49 kB
../dist/public/assets/PlantMaterialReceipts-Ct6qU6XI.js               63.10 kB │ gzip:  17.04 kB
../dist/public/assets/ConcreteCalculatorV2-CaPIaoSE.js                69.85 kB │ gzip:  16.41 kB
../dist/public/assets/StoresGrn-CvK2c_Gy.js                           70.62 kB │ gzip:  16.02 kB
../dist/public/assets/DieselRequirements-De0c5nvz.js                  76.90 kB │ gzip:  17.79 kB
../dist/public/assets/PlantShiftLogManpowerReview-BhIzcLQR.js         78.75 kB │ gzip:  17.74 kB
../dist/public/assets/Home-nVDoY2Ug.js                                79.20 kB │ gzip:  18.58 kB
../dist/public/assets/GuidedDpr-Bek92WSo.js                           79.63 kB │ gzip:  22.43 kB
../dist/public/assets/PlantLdoFlowMeter-tYrJI9BY.js                   80.42 kB │ gzip:  17.47 kB
../dist/public/assets/UserManagement-n-tnzxvJ.js                      80.98 kB │ gzip:  15.26 kB
../dist/public/assets/PlantStock-Bk3HDlAo.js                          97.93 kB │ gzip:  21.71 kB
../dist/public/assets/WorkDemand-DqwceRue.js                          98.01 kB │ gzip:  21.61 kB
../dist/public/assets/SiteEdit-FoU73P0I.js                           100.10 kB │ gzip:  25.91 kB
../dist/public/assets/DprEquipmentCompact-DzxpPb9_.js                110.10 kB │ gzip:  30.25 kB
../dist/public/assets/BoqProjectDetail-DT97QiaH.js                   115.28 kB │ gzip:  27.35 kB
../dist/public/assets/SiteEntry-CLW53nwa.js                          123.74 kB │ gzip:  32.07 kB
../dist/public/assets/schema-D5HDIIuc.js                             140.32 kB │ gzip:  30.88 kB
../dist/public/assets/vendor-react-Cl_Mqf2b.js                       142.43 kB │ gzip:  45.80 kB
../dist/public/assets/index-CyxXon5a.js                              142.83 kB │ gzip:  43.48 kB
../dist/public/assets/Plant-DhAFKkYO.js                              144.03 kB │ gzip:  30.22 kB
../dist/public/assets/WorkProgramme-DEl4TM-d.js                      149.21 kB │ gzip:  39.82 kB
../dist/public/assets/vendor-radix-DbdvgqTz.js                       150.57 kB │ gzip:  45.60 kB
../dist/public/assets/index.es-9nAjRjfv.js                           158.77 kB │ gzip:  52.90 kB
../dist/public/assets/html2canvas.esm-DXEQVQnt.js                    201.04 kB │ gzip:  47.07 kB
../dist/public/assets/ConcreteCalculator-6iZS6LEJ.js                 206.72 kB │ gzip:  46.23 kB
../dist/public/assets/PurchaseIndents-D57fXtqd.js                    212.17 kB │ gzip:  47.07 kB
../dist/public/assets/VendorBills-CdUWywzf.js                        269.15 kB │ gzip:  71.34 kB
../dist/public/assets/generateCategoricalChart-D7IVhzoE.js           380.51 kB │ gzip: 104.76 kB
../dist/public/assets/jspdf.plugin.autotable-C6aC3YTd.js             410.12 kB │ gzip: 131.24 kB
../dist/public/assets/xlsx-CNerDvZX.js                               429.19 kB │ gzip: 141.77 kB
✓ built in 27.46s
building server...

  dist/index.cjs  4.4mb ⚠️

⚡ Done in 688ms
