
> rest-express@1.0.0 build
> tsx script/build.ts

building client...
vite v7.3.0 building client environment for production...
transforming...
Browserslist: browsers data (caniuse-lite) is 12 months old. Please run:
  npx update-browserslist-db@latest
  Why you should do it regularly: https://github.com/browserslist/update-db#readme
✓ 3380 modules transformed.
rendering chunks...
computing gzip size...
../dist/public/index.html                                              1.63 kB │ gzip:   0.63 kB
../dist/public/assets/DprEquipmentReadOnlyRow-5kkuXjul.css             4.99 kB │ gzip:   1.17 kB
../dist/public/assets/SiteReport-CVmD5qey.css                          6.35 kB │ gzip:   1.56 kB
../dist/public/assets/index-JnBcMwn8.css                             192.14 kB │ gzip:  29.52 kB
../dist/public/assets/circle-biME81gy.js                               0.12 kB │ gzip:   0.13 kB
../dist/public/assets/chevron-down-DLYcjqNA.js                         0.12 kB │ gzip:   0.14 kB
../dist/public/assets/chevron-left-CTl6Mhpf.js                         0.13 kB │ gzip:   0.14 kB
../dist/public/assets/filter-CUgDgKRp.js                               0.16 kB │ gzip:   0.16 kB
../dist/public/assets/arrow-left-CVEupB2Y.js                           0.16 kB │ gzip:   0.16 kB
../dist/public/assets/arrow-right-BCRpJrIA.js                          0.16 kB │ gzip:   0.16 kB
../dist/public/assets/arrow-up-right-CCFJrcrj.js                       0.16 kB │ gzip:   0.15 kB
../dist/public/assets/search-CD6oLzj4.js                               0.16 kB │ gzip:   0.16 kB
../dist/public/assets/ban-BlbClBC1.js                                  0.17 kB │ gzip:   0.16 kB
../dist/public/assets/circle-check-dNhcUtIg.js                         0.17 kB │ gzip:   0.16 kB
../dist/public/assets/power-BGHrhpcF.js                                0.17 kB │ gzip:   0.17 kB
../dist/public/assets/gauge-DI9vTmlX.js                                0.17 kB │ gzip:   0.17 kB
../dist/public/assets/clock-BVqvCoDU.js                                0.18 kB │ gzip:   0.17 kB
../dist/public/assets/user-CoLj2bRN.js                                 0.19 kB │ gzip:   0.18 kB
../dist/public/assets/rotate-ccw-DDvhdPC_.js                           0.20 kB │ gzip:   0.18 kB
../dist/public/assets/circle-plus-wW2ZZ22O.js                          0.20 kB │ gzip:   0.17 kB
../dist/public/assets/trending-up-B0yBvk9p.js                          0.20 kB │ gzip:   0.18 kB
../dist/public/assets/lock-dIT64grj.js                                 0.20 kB │ gzip:   0.19 kB
../dist/public/assets/arrow-down-to-line-DzoWABtR.js                   0.20 kB │ gzip:   0.18 kB
../dist/public/assets/arrow-up-from-line-DoasOVaG.js                   0.20 kB │ gzip:   0.18 kB
../dist/public/assets/trending-down-B-bKctcH.js                        0.20 kB │ gzip:   0.18 kB
../dist/public/assets/undo-2-B4s-3TeL.js                               0.20 kB │ gzip:   0.17 kB
../dist/public/assets/move-horizontal-ClRpDy9a.js                      0.21 kB │ gzip:   0.18 kB
../dist/public/assets/lock-open-DhavfwDu.js                            0.21 kB │ gzip:   0.19 kB
../dist/public/assets/dieselIssued-BQo0xEwe.js                         0.21 kB │ gzip:   0.16 kB
../dist/public/assets/skeleton-CkgsS5sQ.js                             0.21 kB │ gzip:   0.18 kB
../dist/public/assets/target-D1x9ksUs.js                               0.22 kB │ gzip:   0.15 kB
../dist/public/assets/copy-DtLNf9AX.js                                 0.23 kB │ gzip:   0.20 kB
../dist/public/assets/activity-ivWZlV7a.js                             0.23 kB │ gzip:   0.20 kB
../dist/public/assets/pen-CPtbNDdX.js                                  0.23 kB │ gzip:   0.20 kB
../dist/public/assets/history-BIpjPQeW.js                              0.23 kB │ gzip:   0.19 kB
../dist/public/assets/link-2-BrRSsfiM.js                               0.24 kB │ gzip:   0.20 kB
../dist/public/assets/heating-trends-constants-By7HzPbz.js             0.24 kB │ gzip:   0.20 kB
../dist/public/assets/arrow-left-right-BbNNOXQB.js                     0.24 kB │ gzip:   0.19 kB
../dist/public/assets/arrow-right-left-Jw71Hzhd.js                     0.24 kB │ gzip:   0.19 kB
../dist/public/assets/settings-2-B1QtUeaS.js                           0.24 kB │ gzip:   0.19 kB
../dist/public/assets/camera-Dg_Dg-nm.js                               0.25 kB │ gzip:   0.21 kB
../dist/public/assets/test-tube-D6EGYOk3.js                            0.25 kB │ gzip:   0.20 kB
../dist/public/assets/file-warning-CRfQQ8kh.js                         0.25 kB │ gzip:   0.19 kB
../dist/public/assets/route-DvTbvNhq.js                                0.25 kB │ gzip:   0.20 kB
../dist/public/assets/ReportExportGate-DgtF9uA-.js                     0.25 kB │ gzip:   0.21 kB
../dist/public/assets/external-link-CpLxKx5-.js                        0.25 kB │ gzip:   0.20 kB
../dist/public/assets/chart-column-Co5trjC2.js                         0.25 kB │ gzip:   0.19 kB
../dist/public/assets/eye-Rq1mFSH-.js                                  0.25 kB │ gzip:   0.19 kB
../dist/public/assets/map-pin-CwGz5g1Z.js                              0.25 kB │ gzip:   0.22 kB
../dist/public/assets/calendar-Czw7kZ3W.js                             0.25 kB │ gzip:   0.20 kB
../dist/public/assets/upload-pTvyR3QR.js                               0.25 kB │ gzip:   0.21 kB
../dist/public/assets/download-Du3ypdnp.js                             0.26 kB │ gzip:   0.21 kB
../dist/public/assets/zap-ByakF2UZ.js                                  0.26 kB │ gzip:   0.21 kB
../dist/public/assets/image-xlj5h1v2.js                                0.27 kB │ gzip:   0.22 kB
../dist/public/assets/shield-C7kUsVj9.js                               0.27 kB │ gzip:   0.22 kB
../dist/public/assets/pencil-CTfSRsfU.js                               0.27 kB │ gzip:   0.22 kB
../dist/public/assets/flame-DaraK3a3.js                                0.28 kB │ gzip:   0.23 kB
../dist/public/assets/git-compare-DzGURiVb.js                          0.28 kB │ gzip:   0.21 kB
../dist/public/assets/dprReference-BwmQQDD1.js                         0.28 kB │ gzip:   0.21 kB
../dist/public/assets/inbox-B5OQP8zr.js                                0.28 kB │ gzip:   0.23 kB
../dist/public/assets/shopping-cart-DtczDrS6.js                        0.28 kB │ gzip:   0.23 kB
../dist/public/assets/stockOwnerLabel-BIUb1SNa.js                      0.29 kB │ gzip:   0.24 kB
../dist/public/assets/house-CnI9S-9Q.js                                0.29 kB │ gzip:   0.22 kB
../dist/public/assets/send-oDoht8W-.js                                 0.29 kB │ gzip:   0.22 kB
../dist/public/assets/folder-open-ZiwaczV1.js                          0.29 kB │ gzip:   0.22 kB
../dist/public/assets/list-C7SMwXqa.js                                 0.30 kB │ gzip:   0.18 kB
../dist/public/assets/file-down-BpP-VSQu.js                            0.30 kB │ gzip:   0.21 kB
../dist/public/assets/clipboard-check-BDlLAvwj.js                      0.30 kB │ gzip:   0.23 kB
../dist/public/assets/calendar-check-adFrFbE5.js                       0.30 kB │ gzip:   0.22 kB
../dist/public/assets/users-HrnXOmrd.js                                0.30 kB │ gzip:   0.22 kB
../dist/public/assets/flask-conical-DxnHSQ66.js                        0.31 kB │ gzip:   0.24 kB
../dist/public/assets/pencil-line-DHpImrAK.js                          0.32 kB │ gzip:   0.24 kB
../dist/public/assets/printer-Dc7LCikV.js                              0.32 kB │ gzip:   0.23 kB
../dist/public/assets/square-pen-BL2p-3jW.js                           0.32 kB │ gzip:   0.24 kB
../dist/public/assets/transportRate-EU1knX-R.js                        0.32 kB │ gzip:   0.23 kB
../dist/public/assets/BarChart-BhDhNb7F.js                             0.32 kB │ gzip:   0.23 kB
../dist/public/assets/save-CdQ4iC2T.js                                 0.32 kB │ gzip:   0.22 kB
../dist/public/assets/file-text-Cj0XZuGd.js                            0.33 kB │ gzip:   0.21 kB
../dist/public/assets/shield-alert-Cqfadd-B.js                         0.35 kB │ gzip:   0.26 kB
../dist/public/assets/calendar-plus-DswgVHEE.js                        0.35 kB │ gzip:   0.23 kB
../dist/public/assets/layout-list-Cn7tB1x7.js                          0.36 kB │ gzip:   0.22 kB
../dist/public/assets/warehouse-5NqTAC22.js                            0.36 kB │ gzip:   0.25 kB
../dist/public/assets/image-plus-C6QsS-b7.js                           0.36 kB │ gzip:   0.25 kB
../dist/public/assets/scale-BU_qN-S5.js                                0.36 kB │ gzip:   0.24 kB
../dist/public/assets/layers-Cwo00JKp.js                               0.36 kB │ gzip:   0.23 kB
../dist/public/assets/fuel-BhzMY32l.js                                 0.36 kB │ gzip:   0.24 kB
../dist/public/assets/droplets-CFnsu8P8.js                             0.37 kB │ gzip:   0.28 kB
../dist/public/assets/use-device-type-CRpxyj8u.js                      0.39 kB │ gzip:   0.27 kB
../dist/public/assets/ruler-DhQfXZ6o.js                                0.40 kB │ gzip:   0.24 kB
../dist/public/assets/truck-CL1oJ0Co.js                                0.40 kB │ gzip:   0.26 kB
../dist/public/assets/equipmentLabel-DbIaD_7j.js                       0.40 kB │ gzip:   0.28 kB
../dist/public/assets/apiError-Bx5LzqIr.js                             0.41 kB │ gzip:   0.26 kB
../dist/public/assets/siteName-9CC7leIx.js                             0.42 kB │ gzip:   0.26 kB
../dist/public/assets/package-check-jkhB2337.js                        0.42 kB │ gzip:   0.28 kB
../dist/public/assets/estimatorAuth-BfMpATD-.js                        0.45 kB │ gzip:   0.33 kB
../dist/public/assets/equipmentStatus-D6D50guO.js                      0.47 kB │ gzip:   0.30 kB
../dist/public/assets/calendar-days-B1qBkz6f.js                        0.49 kB │ gzip:   0.26 kB
../dist/public/assets/list-todo-CC8d7leM.js                            0.50 kB │ gzip:   0.30 kB
../dist/public/assets/sparkles-BY16BK_t.js                             0.51 kB │ gzip:   0.30 kB
../dist/public/assets/wand-sparkles-DCTJfBL_.js                        0.51 kB │ gzip:   0.29 kB
../dist/public/assets/textarea-DHFV2AQC.js                             0.54 kB │ gzip:   0.35 kB
../dist/public/assets/use-persisted-filters-Cl2ZQBcd.js                0.56 kB │ gzip:   0.35 kB
../dist/public/assets/equipmentIdentification-B4u_aEbT.js              0.57 kB │ gzip:   0.35 kB
../dist/public/assets/materialUnloadingSummary-C-YAPxcb.js             0.62 kB │ gzip:   0.39 kB
../dist/public/assets/checkbox-BfTQ-3FD.js                             0.71 kB │ gzip:   0.41 kB
../dist/public/assets/arrangementTripRates-CzPq4z-T.js                 0.74 kB │ gzip:   0.46 kB
../dist/public/assets/plannedWork-Bz6FO5fL.js                          0.74 kB │ gzip:   0.35 kB
../dist/public/assets/tooltip-ByPfTyfm.js                              0.78 kB │ gzip:   0.44 kB
../dist/public/assets/use-origin-DsSYu4bW.js                           0.83 kB │ gzip:   0.49 kB
../dist/public/assets/layerDisplay-Dr7bqgql.js                         0.84 kB │ gzip:   0.44 kB
../dist/public/assets/boxes-DYUcDfNv.js                                0.85 kB │ gzip:   0.40 kB
../dist/public/assets/switch-BSgxuoE9.js                               0.86 kB │ gzip:   0.46 kB
../dist/public/assets/equipmentLifecycle-DFdZkTqc.js                   0.95 kB │ gzip:   0.45 kB
../dist/public/assets/ProgrammeLink-EB_MT2NS.js                        0.96 kB │ gzip:   0.45 kB
../dist/public/assets/plannedWorkArrangement-N-QctmCq.js               1.01 kB │ gzip:   0.53 kB
../dist/public/assets/use-dprs-SoqKsfir.js                             1.04 kB │ gzip:   0.56 kB
../dist/public/assets/ArrangementRegisterLink-CZ8GX8Ug.js              1.07 kB │ gzip:   0.62 kB
../dist/public/assets/ldoStock-BwxjnvWD.js                             1.18 kB │ gzip:   0.57 kB
../dist/public/assets/tabs-Bfxq7M6q.js                                 1.26 kB │ gzip:   0.51 kB
../dist/public/assets/equipmentActivityAllocations-C-LU7Eu1.js         1.35 kB │ gzip:   0.59 kB
../dist/public/assets/progressReportNav-CpbYdovB.js                    1.40 kB │ gzip:   0.67 kB
../dist/public/assets/use-upload-lnc8Dz4s.js                           1.42 kB │ gzip:   0.60 kB
../dist/public/assets/arrangementStatusHistory-B7tnEIVi.js             1.43 kB │ gzip:   0.61 kB
../dist/public/assets/boqNormalise-BaYE_5Ya.js                         1.49 kB │ gzip:   0.56 kB
../dist/public/assets/table-_YJuWRL5.js                                1.53 kB │ gzip:   0.54 kB
../dist/public/assets/dprWorkHub-BxqxaVgk.js                           1.55 kB │ gzip:   0.75 kB
../dist/public/assets/boqWorkCategories-CLapsT6O.js                    1.59 kB │ gzip:   0.76 kB
../dist/public/assets/AutoSaveIndicator-BXM2_edA.js                    1.59 kB │ gzip:   0.82 kB
../dist/public/assets/LocationPicker-CJ71UT9m.js                       1.61 kB │ gzip:   0.77 kB
../dist/public/assets/boqDisplayOrder-1Hp1bwej.js                      1.73 kB │ gzip:   0.80 kB
../dist/public/assets/form-msIicfqc.js                                 1.76 kB │ gzip:   0.77 kB
../dist/public/assets/PlantHome-D6LUcU27.js                            2.04 kB │ gzip:   0.87 kB
../dist/public/assets/alert-dialog-PBcQKsXa.js                         2.06 kB │ gzip:   0.75 kB
../dist/public/assets/use-before-unload-DkhCZqA7.js                    2.12 kB │ gzip:   0.86 kB
../dist/public/assets/PersonnelCombobox-CkCQDTwe.js                    2.31 kB │ gzip:   1.12 kB
../dist/public/assets/barSide-ypAKbuQ-.js                              2.34 kB │ gzip:   0.91 kB
../dist/public/assets/use-form-draft-DtJh0KQH.js                       2.36 kB │ gzip:   1.13 kB
../dist/public/assets/SiteSuccess-BmABASyl.js                          2.40 kB │ gzip:   1.05 kB
../dist/public/assets/dprActualBalance-DwB3qQzb.js                     2.42 kB │ gzip:   1.14 kB
../dist/public/assets/boqItemName-D9lC14I_.js                          2.55 kB │ gzip:   1.07 kB
../dist/public/assets/AttachmentUploader-Dojx7Q4g.js                   2.56 kB │ gzip:   1.16 kB
../dist/public/assets/cutFillReconciliation-Cnsqpk9n.js                2.69 kB │ gzip:   1.00 kB
../dist/public/assets/MastersHub-DywuHBJj.js                           2.75 kB │ gzip:   1.19 kB
../dist/public/assets/dprBoqSelection-BRM6_Wrl.js                      2.80 kB │ gzip:   1.27 kB
../dist/public/assets/EstimatorLogin-CKatfQai.js                       2.81 kB │ gzip:   1.37 kB
../dist/public/assets/HubActionTile-B8gFh6Q-.js                        3.00 kB │ gzip:   0.96 kB
../dist/public/assets/select-DGnZ-svF.js                               3.17 kB │ gzip:   1.17 kB
../dist/public/assets/dieselEntryValidation-UNpbqH-0.js                3.28 kB │ gzip:   1.43 kB
../dist/public/assets/requirementFulfilment-BI78HFUz.js                3.41 kB │ gzip:   1.38 kB
../dist/public/assets/stockReconciliation-DkV6sHoZ.js                  3.51 kB │ gzip:   1.50 kB
../dist/public/assets/DryerSourceFixDialog-CNiaG9PO.js                 3.57 kB │ gzip:   1.43 kB
../dist/public/assets/NegativeBalanceBanner-ChM2j0Oy.js                3.58 kB │ gzip:   1.36 kB
../dist/public/assets/dropdown-menu-UyynTYh7.js                        3.86 kB │ gzip:   1.07 kB
../dist/public/assets/overlapReason-DBHla1yo.js                        3.93 kB │ gzip:   1.50 kB
../dist/public/assets/projectScope-BPOuaEvE.js                         3.97 kB │ gzip:   1.60 kB
../dist/public/assets/DprWorkHub-C1RR5GQ8.js                           4.03 kB │ gzip:   1.72 kB
../dist/public/assets/AdminMastersHub-DqHKcpd9.js                      4.04 kB │ gzip:   1.43 kB
../dist/public/assets/AttachmentGallery-kaAvA5P4.js                    4.15 kB │ gzip:   1.77 kB
../dist/public/assets/BreakdownStoppageEditor-Dl35vaRf.js              4.53 kB │ gzip:   1.68 kB
../dist/public/assets/FinanceHub-69v3EofX.js                           4.70 kB │ gzip:   1.71 kB
../dist/public/assets/dprSubmitReadiness-Dw7INwtx.js                   4.77 kB │ gzip:   1.71 kB
../dist/public/assets/PlantMasters-k_KQrUxj.js                         4.84 kB │ gzip:   1.99 kB
../dist/public/assets/PlantNew-TUlzhTo5.js                             4.87 kB │ gzip:   1.81 kB
../dist/public/assets/dprProgrammeLink-Sm-zikKI.js                     4.90 kB │ gzip:   1.89 kB
../dist/public/assets/AttachmentViewer-CmW85dQc.js                     5.01 kB │ gzip:   1.97 kB
../dist/public/assets/HistoryDialog-DFtU4x35.js                        5.22 kB │ gzip:   2.09 kB
../dist/public/assets/equipmentUsage-7tHtKbbc.js                       5.27 kB │ gzip:   1.90 kB
../dist/public/assets/NotificationPreferences-Ba4atffR.js              5.40 kB │ gzip:   2.13 kB
../dist/public/assets/cutFillLedger-0gSvLNxI.js                        5.45 kB │ gzip:   1.93 kB
../dist/public/assets/DraftRestoreBanner-GgkkwvMR.js                   5.45 kB │ gzip:   2.10 kB
../dist/public/assets/DeviceApproval-BZmkFtPU.js                       5.52 kB │ gzip:   2.03 kB
../dist/public/assets/ExecutionStateBadge-eHxQPFKY.js                  5.55 kB │ gzip:   2.09 kB
../dist/public/assets/EquipmentHub-D57ujmnE.js                         5.58 kB │ gzip:   2.19 kB
../dist/public/assets/EstimatorHub-Y_UQH44G.js                         5.76 kB │ gzip:   1.52 kB
../dist/public/assets/AdminReports-B_i6GZHv.js                         5.81 kB │ gzip:   2.41 kB
../dist/public/assets/EditPermissionButton-Cb4xgZB-.js                 5.87 kB │ gzip:   2.28 kB
../dist/public/assets/PlantDetails-DZKp4tU_.js                         5.91 kB │ gzip:   1.97 kB
../dist/public/assets/SiteHub-CVWTY0W_.js                              5.98 kB │ gzip:   2.22 kB
../dist/public/assets/bitumen-dip-chart-B4pdDJEy.js                    6.49 kB │ gzip:   1.73 kB
../dist/public/assets/ldo-dip-chart-1MdQ0f0b.js                        6.64 kB │ gzip:   1.78 kB
../dist/public/assets/StoresLedger-CAO8eC2y.js                         6.89 kB │ gzip:   2.01 kB
../dist/public/assets/ReportsHub-DicJbRoa.js                           6.99 kB │ gzip:   2.37 kB
../dist/public/assets/PlantAuditReport-CzO7E-HX.js                     7.22 kB │ gzip:   2.06 kB
../dist/public/assets/dprGeometry-BGwNdSac.js                          7.23 kB │ gzip:   2.83 kB
../dist/public/assets/materialReceiptSummary-BnxizNp5.js               7.42 kB │ gzip:   2.74 kB
../dist/public/assets/RmcDeliveryChallans-CbyzFVIX.js                  8.12 kB │ gzip:   2.28 kB
../dist/public/assets/PlantStockTransfer-CEgrn3rJ.js                   8.25 kB │ gzip:   2.79 kB
../dist/public/assets/SiteMaterialStock-C2DqVpAE.js                    8.28 kB │ gzip:   3.08 kB
../dist/public/assets/VendorMaster-B9lFyUmh.js                         8.36 kB │ gzip:   3.02 kB
../dist/public/assets/MyPlans-BCIiuB-d.js                              8.50 kB │ gzip:   2.51 kB
../dist/public/assets/vendorBillTransport-Ce-BjIDh.js                  8.67 kB │ gzip:   3.03 kB
../dist/public/assets/PlanVsActualTable-BgFtZeJ-.js                    8.68 kB │ gzip:   2.37 kB
../dist/public/assets/StoresDieselRegister-wCP3uyuh.js                 8.73 kB │ gzip:   2.91 kB
../dist/public/assets/PlantStockReassign-vqIJ2I2o.js                   8.83 kB │ gzip:   2.92 kB
../dist/public/assets/EditRequestsPage-DiQ0tOFv.js                     9.03 kB │ gzip:   3.03 kB
../dist/public/assets/ResourceReview-D4E-ZB6x.js                       9.16 kB │ gzip:   3.68 kB
../dist/public/assets/StoresItems-k0V-8oVd.js                          9.29 kB │ gzip:   3.01 kB
../dist/public/assets/PlantLedgerRebuild-BXIugUU7.js                   9.31 kB │ gzip:   2.94 kB
../dist/public/assets/RmcHub-Sm4DJawD.js                               9.58 kB │ gzip:   3.49 kB
../dist/public/assets/DataSync-CMWTYCyP.js                             9.67 kB │ gzip:   3.18 kB
../dist/public/assets/PlantProjectReport-Bkmk4aPU.js                   9.81 kB │ gzip:   2.99 kB
../dist/public/assets/EquipmentActivityAllocationEditor-CuKo811h.js   10.08 kB │ gzip:   3.16 kB
../dist/public/assets/VehicleSupplierAssociationNotice-B-0AvhfS.js    10.11 kB │ gzip:   4.00 kB
../dist/public/assets/SiteBackfill-D-pp5KX5.js                        10.30 kB │ gzip:   2.74 kB
../dist/public/assets/workTypeRecipes-CX9Gkvwj.js                     10.37 kB │ gzip:   3.62 kB
../dist/public/assets/browser-Hph_FhWo.js                             10.38 kB │ gzip:   5.11 kB
../dist/public/assets/ConcreteEstimates-hp6hqD8d.js                   10.52 kB │ gzip:   3.47 kB
../dist/public/assets/PermissionMigrationAudit-CccZhDOC.js            10.66 kB │ gzip:   3.25 kB
../dist/public/assets/PendingPlantReceipts-Ctn2mVBt.js                10.75 kB │ gzip:   3.42 kB
../dist/public/assets/BarArrangementPanel-CHTH6x2L.js                 10.82 kB │ gzip:   3.44 kB
../dist/public/assets/EquipmentStatus-DnyeVIcO.js                     11.16 kB │ gzip:   3.74 kB
../dist/public/assets/LineChart-Cna54o37.js                           11.17 kB │ gzip:   4.32 kB
../dist/public/assets/RmcDailyReport-B7I-afhl.js                      11.26 kB │ gzip:   2.91 kB
../dist/public/assets/EquipmentMasterCreateDialog-DpZW_pw6.js         11.27 kB │ gzip:   3.58 kB
../dist/public/assets/PlantDieselProcurementReport-B8ML_K_s.js        11.34 kB │ gzip:   3.22 kB
../dist/public/assets/StoresHub-orzE9Il1.js                           11.57 kB │ gzip:   3.56 kB
../dist/public/assets/PlantHeatingMismatch-2slZ-2Ik.js                11.60 kB │ gzip:   3.17 kB
../dist/public/assets/ReceiptWorkContext-B29gfmDi.js                  11.66 kB │ gzip:   3.84 kB
../dist/public/assets/PlantVarianceReport-C3phMNJJ.js                 11.80 kB │ gzip:   3.42 kB
../dist/public/assets/Account-Dbl9j8Zm.js                             11.81 kB │ gzip:   3.49 kB
../dist/public/assets/HmpHub-DpFCgQvD.js                              11.91 kB │ gzip:   4.08 kB
../dist/public/assets/RmcMixDesigns-CX58yf61.js                       12.08 kB │ gzip:   3.17 kB
../dist/public/assets/RmcRawMaterials-B-pMpRcM.js                     13.03 kB │ gzip:   3.65 kB
../dist/public/assets/PlantGeneratorLogs-kRn8PAq1.js                  13.56 kB │ gzip:   4.38 kB
../dist/public/assets/StoresHome-J71v2z9n.js                          13.59 kB │ gzip:   2.94 kB
../dist/public/assets/EarthworkControl-ulArAV4w.js                    13.59 kB │ gzip:   3.96 kB
../dist/public/assets/BoqItemReview-C8GfCa_E.js                       13.60 kB │ gzip:   3.97 kB
../dist/public/assets/MixComparativeReport-53d0ESqO.js                13.76 kB │ gzip:   4.01 kB
../dist/public/assets/mixCalc-8thFNMgU.js                             13.80 kB │ gzip:   5.28 kB
../dist/public/assets/command-B6J_34ju.js                             13.91 kB │ gzip:   5.32 kB
../dist/public/assets/AdminSettings-QyxqLQFJ.js                       14.45 kB │ gzip:   3.60 kB
../dist/public/assets/RmcCubeTests-BNLCt0On.js                        14.49 kB │ gzip:   4.38 kB
../dist/public/assets/SitePurchasesReport-D-MGIhyi.js                 14.61 kB │ gzip:   4.15 kB
../dist/public/assets/MixEstimates-Bs7CRBSU.js                        15.07 kB │ gzip:   4.62 kB
../dist/public/assets/PlantLdoReconciliation-BjQaMb9a.js              15.19 kB │ gzip:   4.03 kB
../dist/public/assets/DprSections-Cw8JtSSl.js                         15.21 kB │ gzip:   5.91 kB
../dist/public/assets/RmcBatchRecords-Bns3eU9e.js                     15.29 kB │ gzip:   4.26 kB
../dist/public/assets/IrnListPage-BxC0NvJe.js                         15.73 kB │ gzip:   4.28 kB
../dist/public/assets/EquipmentHireBilling-DCHJ57dq.js                16.59 kB │ gzip:   5.00 kB
../dist/public/assets/BoqProjects-y8uWJ0jP.js                         16.64 kB │ gzip:   4.90 kB
../dist/public/assets/EquipmentPerformanceReport-GewKzqNm.js          16.74 kB │ gzip:   5.24 kB
../dist/public/assets/PlantLdoBackfill-DNkOHRjv.js                    17.21 kB │ gzip:   5.99 kB
../dist/public/assets/SiteHome-1Gy3MOzl.js                            17.44 kB │ gzip:   3.63 kB
../dist/public/assets/PlanningMasters-ChWw2a_l.js                     17.47 kB │ gzip:   4.36 kB
../dist/public/assets/IrnRaisePage-3DZSGukO.js                        17.57 kB │ gzip:   5.46 kB
../dist/public/assets/PlantLdoDipBackfill-B10v_F47.js                 18.09 kB │ gzip:   6.23 kB
../dist/public/assets/ScenarioComparison-tefw60Sl.js                  18.15 kB │ gzip:   4.36 kB
../dist/public/assets/PlantStockReconciliation-B4Bc9cMZ.js            18.15 kB │ gzip:   5.75 kB
../dist/public/assets/PlantMaterialReturns-B5UVRzY-.js                18.72 kB │ gzip:   5.82 kB
../dist/public/assets/PlantHeatingTrends-CLBYiBMb.js                  19.23 kB │ gzip:   4.62 kB
../dist/public/assets/PlantMaterialIssues-DtLBdYUe.js                 20.29 kB │ gzip:   6.50 kB
../dist/public/assets/RoadGeometry-aRlGchzE.js                        21.74 kB │ gzip:   6.70 kB
../dist/public/assets/ManagementReport-z4bQitfz.js                    22.39 kB │ gzip:   5.79 kB
../dist/public/assets/purify.es-Bzr520pe.js                           22.45 kB │ gzip:   8.59 kB
../dist/public/assets/StoresIssue-Coih8kXt.js                         22.49 kB │ gzip:   6.27 kB
../dist/public/assets/NormsLibrary-Di4kC9do.js                        22.64 kB │ gzip:   5.64 kB
../dist/public/assets/ScopeSetup-D-2j8ssf.js                          22.79 kB │ gzip:   6.48 kB
../dist/public/assets/BoqImportWizard-B3yI3hpm.js                     24.61 kB │ gzip:   7.67 kB
../dist/public/assets/PlantDailyReports-DpBm2cUI.js                   24.77 kB │ gzip:   7.43 kB
../dist/public/assets/vendor-datefns-Cuz_WERE.js                      25.06 kB │ gzip:   7.35 kB
../dist/public/assets/MixImpact-BIXFvrLT.js                           25.53 kB │ gzip:   6.96 kB
../dist/public/assets/BoqProgramSettings-B6ZEfSiM.js                  26.73 kB │ gzip:   7.33 kB
../dist/public/assets/SiteMaterialsReceived-_8YCf3pU.js               27.28 kB │ gzip:   6.60 kB
../dist/public/assets/ExecutionArrangements-CzwRa4T1.js               28.85 kB │ gzip:   8.63 kB
../dist/public/assets/SiteRequirementNew-BzmYRPEV.js                  28.91 kB │ gzip:   7.24 kB
../dist/public/assets/RateCards-D9gf7Yn7.js                           30.44 kB │ gzip:   7.82 kB
../dist/public/assets/zod-D40P_XHV.js                                 30.60 kB │ gzip:  11.25 kB
../dist/public/assets/DprEquipmentReadOnlyRow-Bw0AMmN3.js             30.81 kB │ gzip:   9.30 kB
../dist/public/assets/PlantDailyReport-DDBk0m2q.js                    31.34 kB │ gzip:   7.44 kB
../dist/public/assets/PlantMaintenance-DRg8ZNg8.js                    33.94 kB │ gzip:   8.28 kB
../dist/public/assets/vendor-query-PIdvf_Vq.js                        36.31 kB │ gzip:  10.75 kB
../dist/public/assets/BillItemPicker-IenM0dMk.js                      36.58 kB │ gzip:  11.49 kB
../dist/public/assets/SiteReport-BxLzBx6r.js                          38.11 kB │ gzip:  12.18 kB
../dist/public/assets/PlantLdoMismatch-BnwnvHE3.js                    42.04 kB │ gzip:  11.34 kB
../dist/public/assets/SiteDashboard-Bp-ejC3w.js                       42.32 kB │ gzip:  10.50 kB
../dist/public/assets/PlantDispatches-BzqK0ADa.js                     45.48 kB │ gzip:  12.07 kB
../dist/public/assets/PlantHeatingSessions-C3WxzFEr.js                47.20 kB │ gzip:  11.47 kB
../dist/public/assets/planningEngine-CE_OBgjt.js                      47.36 kB │ gzip:  14.15 kB
../dist/public/assets/ProgressReport-BBi8nPZy.js                      47.98 kB │ gzip:  13.13 kB
../dist/public/assets/EarthworkArrangementDialog-CkAx3RVZ.js          49.01 kB │ gzip:  13.01 kB
../dist/public/assets/SiteMaterialTrips-K_UObvVa.js                   53.85 kB │ gzip:  14.67 kB
../dist/public/assets/PlantBitumenStock-OEpmufQT.js                   55.38 kB │ gzip:  13.36 kB
../dist/public/assets/IrnDetailPage-CYv2wzqm.js                       57.76 kB │ gzip:  12.48 kB
../dist/public/assets/PlantShiftLog-B6R26M0M.js                       59.51 kB │ gzip:  15.08 kB
../dist/public/assets/index-CFEKd020.js                               60.06 kB │ gzip:  14.39 kB
../dist/public/assets/PlantEquipmentUsage-JEiyUOiC.js                 60.68 kB │ gzip:  16.35 kB
../dist/public/assets/SiteRequirementsList-DcW1OrDw.js                60.83 kB │ gzip:  14.49 kB
../dist/public/assets/PlantMaterialReceipts-DhsaM-fa.js               63.10 kB │ gzip:  17.04 kB
../dist/public/assets/ConcreteCalculatorV2-DgMxnas_.js                69.85 kB │ gzip:  16.41 kB
../dist/public/assets/StoresGrn-d_yLD-7D.js                           70.62 kB │ gzip:  16.02 kB
../dist/public/assets/DieselRequirements-D1tResS0.js                  76.90 kB │ gzip:  17.79 kB
../dist/public/assets/PlantShiftLogManpowerReview-Ct-MquIb.js         78.75 kB │ gzip:  17.74 kB
../dist/public/assets/Home-Dpsc-8gF.js                                79.20 kB │ gzip:  18.59 kB
../dist/public/assets/GuidedDpr-Ctew5BCP.js                           79.63 kB │ gzip:  22.44 kB
../dist/public/assets/PlantLdoFlowMeter-Dze6l0cr.js                   80.42 kB │ gzip:  17.47 kB
../dist/public/assets/UserManagement-DK2HhJQb.js                      80.98 kB │ gzip:  15.26 kB
../dist/public/assets/PlantStock-BsNwYikS.js                          97.93 kB │ gzip:  21.71 kB
../dist/public/assets/WorkDemand-4DHPK6PK.js                          98.01 kB │ gzip:  21.61 kB
../dist/public/assets/SiteEdit-BT2wS1ML.js                           100.10 kB │ gzip:  25.91 kB
../dist/public/assets/DprEquipmentCompact-BPfjM4sr.js                110.10 kB │ gzip:  30.25 kB
../dist/public/assets/BoqProjectDetail-DiAcBRRJ.js                   115.28 kB │ gzip:  27.35 kB
../dist/public/assets/SiteEntry-a8AsHMtX.js                          123.74 kB │ gzip:  32.08 kB
../dist/public/assets/schema-D5HDIIuc.js                             140.32 kB │ gzip:  30.88 kB
../dist/public/assets/vendor-react-Cl_Mqf2b.js                       142.43 kB │ gzip:  45.80 kB
../dist/public/assets/index-99EYmc4G.js                              142.83 kB │ gzip:  43.50 kB
../dist/public/assets/Plant-3ED_WxbJ.js                              144.03 kB │ gzip:  30.22 kB
../dist/public/assets/WorkProgramme-Bg31VNXZ.js                      149.21 kB │ gzip:  39.82 kB
../dist/public/assets/vendor-radix-DbdvgqTz.js                       150.57 kB │ gzip:  45.60 kB
../dist/public/assets/index.es-w3baCClx.js                           158.77 kB │ gzip:  52.90 kB
../dist/public/assets/html2canvas.esm-DXEQVQnt.js                    201.04 kB │ gzip:  47.07 kB
../dist/public/assets/ConcreteCalculator-Dt-mPHN6.js                 206.72 kB │ gzip:  46.23 kB
../dist/public/assets/PurchaseIndents-Dl8XSJK0.js                    212.17 kB │ gzip:  47.06 kB
../dist/public/assets/VendorBills-DIbE9zEq.js                        269.15 kB │ gzip:  71.35 kB
../dist/public/assets/generateCategoricalChart-ClHRan6b.js           380.51 kB │ gzip: 104.76 kB
../dist/public/assets/jspdf.plugin.autotable-GrDPG6oX.js             410.12 kB │ gzip: 131.24 kB
../dist/public/assets/xlsx-CNerDvZX.js                               429.19 kB │ gzip: 141.77 kB
✓ built in 23.88s
building server...

  dist/index.cjs  4.4mb ⚠️

⚡ Done in 595ms
