
> rest-express@1.0.0 build
> tsx script/build.ts

building client...
vite v7.3.0 building client environment for production...
transforming...
Browserslist: browsers data (caniuse-lite) is 12 months old. Please run:
  npx update-browserslist-db@latest
  Why you should do it regularly: https://github.com/browserslist/update-db#readme
✓ 3389 modules transformed.
rendering chunks...
computing gzip size...
../dist/public/index.html                                              1.63 kB │ gzip:   0.63 kB
../dist/public/assets/UserManagement-CJ64-HfT.css                      4.47 kB │ gzip:   1.30 kB
../dist/public/assets/DprEquipmentReadOnlyRow-5kkuXjul.css             4.99 kB │ gzip:   1.17 kB
../dist/public/assets/SiteReport-CVmD5qey.css                          6.35 kB │ gzip:   1.56 kB
../dist/public/assets/index-CYGYFWUH.css                             192.16 kB │ gzip:  29.53 kB
../dist/public/assets/circle-D6P1rwwX.js                               0.12 kB │ gzip:   0.13 kB
../dist/public/assets/chevron-down-dIYW34Sf.js                         0.12 kB │ gzip:   0.14 kB
../dist/public/assets/chevron-left-CK-7uwGv.js                         0.13 kB │ gzip:   0.14 kB
../dist/public/assets/filter-4ScEll6H.js                               0.16 kB │ gzip:   0.16 kB
../dist/public/assets/arrow-left-CKqkZhkz.js                           0.16 kB │ gzip:   0.16 kB
../dist/public/assets/arrow-right-CsYWfpIF.js                          0.16 kB │ gzip:   0.16 kB
../dist/public/assets/arrow-up-right-BDiKOPAW.js                       0.16 kB │ gzip:   0.15 kB
../dist/public/assets/search-B4TthP-N.js                               0.16 kB │ gzip:   0.16 kB
../dist/public/assets/ban-B1LV9JxN.js                                  0.17 kB │ gzip:   0.16 kB
../dist/public/assets/circle-check-DJKqBXqC.js                         0.17 kB │ gzip:   0.16 kB
../dist/public/assets/power-D5GZ2L5t.js                                0.17 kB │ gzip:   0.17 kB
../dist/public/assets/gauge-DHI_zHgr.js                                0.17 kB │ gzip:   0.17 kB
../dist/public/assets/clock-CkX8cCey.js                                0.18 kB │ gzip:   0.17 kB
../dist/public/assets/user-C8NkUbjT.js                                 0.19 kB │ gzip:   0.18 kB
../dist/public/assets/rotate-ccw-BWCTS1WM.js                           0.20 kB │ gzip:   0.18 kB
../dist/public/assets/circle-plus-Cnb433JO.js                          0.20 kB │ gzip:   0.17 kB
../dist/public/assets/trending-up-Bm5k6S3v.js                          0.20 kB │ gzip:   0.18 kB
../dist/public/assets/lock-C-jgKBhd.js                                 0.20 kB │ gzip:   0.19 kB
../dist/public/assets/arrow-down-to-line-sQ5wjUX_.js                   0.20 kB │ gzip:   0.18 kB
../dist/public/assets/arrow-up-from-line-DEwGRaNJ.js                   0.20 kB │ gzip:   0.18 kB
../dist/public/assets/trending-down-Hw6T9Fmw.js                        0.20 kB │ gzip:   0.17 kB
../dist/public/assets/undo-2-CEVsaz-y.js                               0.20 kB │ gzip:   0.17 kB
../dist/public/assets/move-horizontal-BMFx2Sow.js                      0.21 kB │ gzip:   0.18 kB
../dist/public/assets/lock-open-BNdQxt9p.js                            0.21 kB │ gzip:   0.19 kB
../dist/public/assets/dieselIssued-BQo0xEwe.js                         0.21 kB │ gzip:   0.16 kB
../dist/public/assets/skeleton-CRFuwxDU.js                             0.21 kB │ gzip:   0.18 kB
../dist/public/assets/target-BJHWSDqW.js                               0.22 kB │ gzip:   0.15 kB
../dist/public/assets/copy-CgHS8Olp.js                                 0.23 kB │ gzip:   0.20 kB
../dist/public/assets/activity-BDHMcr1t.js                             0.23 kB │ gzip:   0.20 kB
../dist/public/assets/pen-DqjcKowe.js                                  0.23 kB │ gzip:   0.20 kB
../dist/public/assets/history-BEM_7qhQ.js                              0.23 kB │ gzip:   0.19 kB
../dist/public/assets/link-2-Cq-bGzUU.js                               0.24 kB │ gzip:   0.20 kB
../dist/public/assets/heating-trends-constants-C67QTHEp.js             0.24 kB │ gzip:   0.20 kB
../dist/public/assets/arrow-left-right-CynsKGhH.js                     0.24 kB │ gzip:   0.19 kB
../dist/public/assets/arrow-right-left-CzyWLqg6.js                     0.24 kB │ gzip:   0.19 kB
../dist/public/assets/settings-2-CtNrZ6Oa.js                           0.24 kB │ gzip:   0.19 kB
../dist/public/assets/camera-BKtL0_Pp.js                               0.25 kB │ gzip:   0.21 kB
../dist/public/assets/test-tube-DDjc2vg-.js                            0.25 kB │ gzip:   0.20 kB
../dist/public/assets/file-warning-zP-9XJ8Z.js                         0.25 kB │ gzip:   0.19 kB
../dist/public/assets/route-CzLhdYU5.js                                0.25 kB │ gzip:   0.20 kB
../dist/public/assets/ReportExportGate-lh5KSFsZ.js                     0.25 kB │ gzip:   0.21 kB
../dist/public/assets/external-link-D70wzwyz.js                        0.25 kB │ gzip:   0.20 kB
../dist/public/assets/chart-column-Dp7mj8jX.js                         0.25 kB │ gzip:   0.19 kB
../dist/public/assets/eye-DbQaO2Us.js                                  0.25 kB │ gzip:   0.20 kB
../dist/public/assets/map-pin-DLmrTpVO.js                              0.25 kB │ gzip:   0.22 kB
../dist/public/assets/calendar-BJaUHqUH.js                             0.25 kB │ gzip:   0.20 kB
../dist/public/assets/upload-D2I3_KDe.js                               0.25 kB │ gzip:   0.21 kB
../dist/public/assets/download-Ca6CTKEf.js                             0.26 kB │ gzip:   0.21 kB
../dist/public/assets/zap-BE0S3wak.js                                  0.26 kB │ gzip:   0.21 kB
../dist/public/assets/image-QMBryuyz.js                                0.27 kB │ gzip:   0.22 kB
../dist/public/assets/shield-H9rqS9ti.js                               0.27 kB │ gzip:   0.22 kB
../dist/public/assets/pencil-DwgATdhP.js                               0.27 kB │ gzip:   0.22 kB
../dist/public/assets/book-open-Cst6v6l9.js                            0.28 kB │ gzip:   0.20 kB
../dist/public/assets/flame-cnM4w470.js                                0.28 kB │ gzip:   0.23 kB
../dist/public/assets/git-compare-DlVqy2CN.js                          0.28 kB │ gzip:   0.21 kB
../dist/public/assets/dprReference-BwmQQDD1.js                         0.28 kB │ gzip:   0.21 kB
../dist/public/assets/inbox-BLaxS6ps.js                                0.28 kB │ gzip:   0.23 kB
../dist/public/assets/shopping-cart-CRduely7.js                        0.28 kB │ gzip:   0.23 kB
../dist/public/assets/stockOwnerLabel-BIUb1SNa.js                      0.29 kB │ gzip:   0.24 kB
../dist/public/assets/house-Bu3CYDkE.js                                0.29 kB │ gzip:   0.22 kB
../dist/public/assets/send-FvROifdw.js                                 0.29 kB │ gzip:   0.23 kB
../dist/public/assets/folder-open-BE78glV8.js                          0.29 kB │ gzip:   0.22 kB
../dist/public/assets/list-skGxBhzo.js                                 0.30 kB │ gzip:   0.18 kB
../dist/public/assets/file-down-DXy_0O-M.js                            0.30 kB │ gzip:   0.21 kB
../dist/public/assets/clipboard-check-CrlYjkpW.js                      0.30 kB │ gzip:   0.23 kB
../dist/public/assets/calendar-check-CgR_ekku.js                       0.30 kB │ gzip:   0.22 kB
../dist/public/assets/users-CkzTaVC-.js                                0.30 kB │ gzip:   0.22 kB
../dist/public/assets/flask-conical-CeFOXU8h.js                        0.31 kB │ gzip:   0.24 kB
../dist/public/assets/pencil-line-DLyz1mCP.js                          0.32 kB │ gzip:   0.24 kB
../dist/public/assets/printer-RO3n7Dh9.js                              0.32 kB │ gzip:   0.24 kB
../dist/public/assets/square-pen-QZ-Jc2K0.js                           0.32 kB │ gzip:   0.24 kB
../dist/public/assets/transportRate-EU1knX-R.js                        0.32 kB │ gzip:   0.23 kB
../dist/public/assets/BarChart-C0wIw87L.js                             0.32 kB │ gzip:   0.23 kB
../dist/public/assets/save-CNg-pEvT.js                                 0.32 kB │ gzip:   0.22 kB
../dist/public/assets/file-text-DitBURAb.js                            0.33 kB │ gzip:   0.22 kB
../dist/public/assets/shield-alert-DMepq_rX.js                         0.35 kB │ gzip:   0.26 kB
../dist/public/assets/calendar-plus-D-ZEPCe9.js                        0.35 kB │ gzip:   0.23 kB
../dist/public/assets/layout-list-DzMW3oma.js                          0.36 kB │ gzip:   0.22 kB
../dist/public/assets/warehouse-235xcyXG.js                            0.36 kB │ gzip:   0.25 kB
../dist/public/assets/image-plus-BqptOZbs.js                           0.36 kB │ gzip:   0.25 kB
../dist/public/assets/scale-NXn0_O4y.js                                0.36 kB │ gzip:   0.24 kB
../dist/public/assets/layers-sM9fI3EX.js                               0.36 kB │ gzip:   0.23 kB
../dist/public/assets/fuel-C3_DK4UF.js                                 0.36 kB │ gzip:   0.24 kB
../dist/public/assets/droplets-BKLz_6o1.js                             0.37 kB │ gzip:   0.28 kB
../dist/public/assets/file-spreadsheet-iF_XNz_-.js                     0.37 kB │ gzip:   0.23 kB
../dist/public/assets/use-device-type-CRpxyj8u.js                      0.39 kB │ gzip:   0.27 kB
../dist/public/assets/ruler-DyEnZ0fX.js                                0.40 kB │ gzip:   0.25 kB
../dist/public/assets/truck-CNU7Wm7l.js                                0.40 kB │ gzip:   0.27 kB
../dist/public/assets/equipmentLabel-DbIaD_7j.js                       0.40 kB │ gzip:   0.28 kB
../dist/public/assets/apiError-Bx5LzqIr.js                             0.41 kB │ gzip:   0.26 kB
../dist/public/assets/siteName-9CC7leIx.js                             0.42 kB │ gzip:   0.26 kB
../dist/public/assets/package-check-C5ocR_hz.js                        0.42 kB │ gzip:   0.28 kB
../dist/public/assets/estimatorAuth-BfMpATD-.js                        0.45 kB │ gzip:   0.33 kB
../dist/public/assets/equipmentStatus-D6D50guO.js                      0.47 kB │ gzip:   0.30 kB
../dist/public/assets/calendar-days-DdRoDAyY.js                        0.49 kB │ gzip:   0.26 kB
../dist/public/assets/list-todo-Da23wVX4.js                            0.50 kB │ gzip:   0.30 kB
../dist/public/assets/sparkles-MX7FA0EB.js                             0.51 kB │ gzip:   0.30 kB
../dist/public/assets/wand-sparkles-DYNDCp1T.js                        0.51 kB │ gzip:   0.29 kB
../dist/public/assets/textarea-BTOmXzQg.js                             0.54 kB │ gzip:   0.35 kB
../dist/public/assets/use-persisted-filters-Cl2ZQBcd.js                0.56 kB │ gzip:   0.35 kB
../dist/public/assets/equipmentIdentification-B4u_aEbT.js              0.57 kB │ gzip:   0.35 kB
../dist/public/assets/materialUnloadingSummary-C-YAPxcb.js             0.62 kB │ gzip:   0.39 kB
../dist/public/assets/checkbox-DLpC-koV.js                             0.71 kB │ gzip:   0.41 kB
../dist/public/assets/arrangementTripRates-CzPq4z-T.js                 0.74 kB │ gzip:   0.46 kB
../dist/public/assets/plannedWork-Bz6FO5fL.js                          0.74 kB │ gzip:   0.35 kB
../dist/public/assets/tooltip-BcyYvstW.js                              0.78 kB │ gzip:   0.44 kB
../dist/public/assets/use-origin-soCoVADX.js                           0.83 kB │ gzip:   0.49 kB
../dist/public/assets/layerDisplay-Dr7bqgql.js                         0.84 kB │ gzip:   0.44 kB
../dist/public/assets/boxes-oyq4Shf1.js                                0.85 kB │ gzip:   0.40 kB
../dist/public/assets/switch-BTRkLsbK.js                               0.86 kB │ gzip:   0.46 kB
../dist/public/assets/equipmentLifecycle-DFdZkTqc.js                   0.95 kB │ gzip:   0.45 kB
../dist/public/assets/ProgrammeLink-Ck0hszb5.js                        0.96 kB │ gzip:   0.45 kB
../dist/public/assets/plannedWorkArrangement-N-QctmCq.js               1.01 kB │ gzip:   0.53 kB
../dist/public/assets/use-dprs-CpZj7a_w.js                             1.04 kB │ gzip:   0.56 kB
../dist/public/assets/ArrangementRegisterLink-Bq9R9a-U.js              1.07 kB │ gzip:   0.61 kB
../dist/public/assets/ldoStock-BwxjnvWD.js                             1.18 kB │ gzip:   0.57 kB
../dist/public/assets/tabs-CoLSFBXi.js                                 1.26 kB │ gzip:   0.51 kB
../dist/public/assets/vendorBillArrangement-BsblWWHw.js                1.27 kB │ gzip:   0.66 kB
../dist/public/assets/equipmentActivityAllocations-C-LU7Eu1.js         1.35 kB │ gzip:   0.59 kB
../dist/public/assets/progressReportNav-CpbYdovB.js                    1.40 kB │ gzip:   0.67 kB
../dist/public/assets/use-upload-lnc8Dz4s.js                           1.42 kB │ gzip:   0.60 kB
../dist/public/assets/arrangementStatusHistory-B7tnEIVi.js             1.43 kB │ gzip:   0.61 kB
../dist/public/assets/boqNormalise-BaYE_5Ya.js                         1.49 kB │ gzip:   0.56 kB
../dist/public/assets/table-LDhL6o1W.js                                1.53 kB │ gzip:   0.54 kB
../dist/public/assets/dprWorkHub-BxqxaVgk.js                           1.55 kB │ gzip:   0.75 kB
../dist/public/assets/boqWorkCategories-CLapsT6O.js                    1.59 kB │ gzip:   0.76 kB
../dist/public/assets/AutoSaveIndicator-qcs41CEJ.js                    1.59 kB │ gzip:   0.81 kB
../dist/public/assets/LocationPicker-CR6uU9A0.js                       1.61 kB │ gzip:   0.77 kB
../dist/public/assets/boqDisplayOrder-1Hp1bwej.js                      1.73 kB │ gzip:   0.80 kB
../dist/public/assets/form-qbV9szcV.js                                 1.76 kB │ gzip:   0.77 kB
../dist/public/assets/PlantHome-DFngrWN2.js                            2.04 kB │ gzip:   0.86 kB
../dist/public/assets/alert-dialog-B0ZPgcUK.js                         2.06 kB │ gzip:   0.75 kB
../dist/public/assets/use-before-unload-DkhCZqA7.js                    2.12 kB │ gzip:   0.86 kB
../dist/public/assets/PersonnelCombobox-CT2sXRZy.js                    2.31 kB │ gzip:   1.12 kB
../dist/public/assets/barSide-ypAKbuQ-.js                              2.34 kB │ gzip:   0.91 kB
../dist/public/assets/use-form-draft-SfcgN2z-.js                       2.36 kB │ gzip:   1.13 kB
../dist/public/assets/SiteSuccess-DChD3h3p.js                          2.40 kB │ gzip:   1.04 kB
../dist/public/assets/dprActualBalance-CJp9QTAs.js                     2.42 kB │ gzip:   1.14 kB
../dist/public/assets/boqItemName-D9lC14I_.js                          2.55 kB │ gzip:   1.07 kB
../dist/public/assets/AttachmentUploader-D0SsWmoE.js                   2.56 kB │ gzip:   1.16 kB
../dist/public/assets/cutFillReconciliation-Cnsqpk9n.js                2.69 kB │ gzip:   1.00 kB
../dist/public/assets/MastersHub-D4hbGXTD.js                           2.75 kB │ gzip:   1.18 kB
../dist/public/assets/dprBoqSelection-BRM6_Wrl.js                      2.80 kB │ gzip:   1.27 kB
../dist/public/assets/EstimatorLogin-DPFyggs9.js                       2.81 kB │ gzip:   1.36 kB
../dist/public/assets/HubActionTile-BTNERQ11.js                        3.00 kB │ gzip:   0.96 kB
../dist/public/assets/select-BoB7cRlN.js                               3.17 kB │ gzip:   1.17 kB
../dist/public/assets/dieselEntryValidation-ChXM5TqG.js                3.28 kB │ gzip:   1.43 kB
../dist/public/assets/requirementFulfilment-BI78HFUz.js                3.41 kB │ gzip:   1.38 kB
../dist/public/assets/stockReconciliation-DkV6sHoZ.js                  3.51 kB │ gzip:   1.50 kB
../dist/public/assets/DryerSourceFixDialog-D4O9cjDw.js                 3.57 kB │ gzip:   1.43 kB
../dist/public/assets/NegativeBalanceBanner-bibEpP7-.js                3.58 kB │ gzip:   1.36 kB
../dist/public/assets/dropdown-menu-BRD-WuT8.js                        3.86 kB │ gzip:   1.07 kB
../dist/public/assets/overlapReason-DBHla1yo.js                        3.93 kB │ gzip:   1.50 kB
../dist/public/assets/projectScope-BPOuaEvE.js                         3.97 kB │ gzip:   1.60 kB
../dist/public/assets/DprWorkHub-wfWMxHaG.js                           4.03 kB │ gzip:   1.71 kB
../dist/public/assets/AdminMastersHub-DQH7VfJ7.js                      4.04 kB │ gzip:   1.43 kB
../dist/public/assets/AttachmentGallery-DhkOl1qp.js                    4.15 kB │ gzip:   1.76 kB
../dist/public/assets/BreakdownStoppageEditor-xGd-mo6V.js              4.53 kB │ gzip:   1.67 kB
../dist/public/assets/FinanceHub-Dh88HqNG.js                           4.70 kB │ gzip:   1.71 kB
../dist/public/assets/dprSubmitReadiness-Dw7INwtx.js                   4.77 kB │ gzip:   1.71 kB
../dist/public/assets/PlantMasters-BwdoF0Mm.js                         4.88 kB │ gzip:   2.01 kB
../dist/public/assets/dprProgrammeLink-Sm-zikKI.js                     4.90 kB │ gzip:   1.89 kB
../dist/public/assets/PlantNew-BboOhxkQ.js                             4.91 kB │ gzip:   1.82 kB
../dist/public/assets/AttachmentViewer-CSHK1w5x.js                     5.01 kB │ gzip:   1.98 kB
../dist/public/assets/HistoryDialog-BtTa_493.js                        5.22 kB │ gzip:   2.09 kB
../dist/public/assets/equipmentUsage-7tHtKbbc.js                       5.27 kB │ gzip:   1.90 kB
../dist/public/assets/NotificationPreferences-BSWsBUGp.js              5.40 kB │ gzip:   2.13 kB
../dist/public/assets/cutFillLedger-0gSvLNxI.js                        5.45 kB │ gzip:   1.93 kB
../dist/public/assets/DraftRestoreBanner-Ijkt9UXM.js                   5.45 kB │ gzip:   2.10 kB
../dist/public/assets/DeviceApproval-xw4fg1RM.js                       5.52 kB │ gzip:   2.02 kB
../dist/public/assets/ExecutionStateBadge-eHxQPFKY.js                  5.55 kB │ gzip:   2.09 kB
../dist/public/assets/EquipmentHub-DCQF0XJo.js                         5.60 kB │ gzip:   2.20 kB
../dist/public/assets/EstimatorHub-vKyjoYTd.js                         5.76 kB │ gzip:   1.53 kB
../dist/public/assets/AdminReports-DXDHVNqN.js                         5.81 kB │ gzip:   2.41 kB
../dist/public/assets/EditPermissionButton-CIBPHov5.js                 5.87 kB │ gzip:   2.28 kB
../dist/public/assets/PlantDetails-CRF67hVT.js                         5.91 kB │ gzip:   1.97 kB
../dist/public/assets/SiteHub-CnLYC--H.js                              5.98 kB │ gzip:   2.22 kB
../dist/public/assets/bitumen-dip-chart-B4pdDJEy.js                    6.49 kB │ gzip:   1.73 kB
../dist/public/assets/ldo-dip-chart-1MdQ0f0b.js                        6.64 kB │ gzip:   1.78 kB
../dist/public/assets/StoresLedger-fqiP6ZsC.js                         6.93 kB │ gzip:   2.03 kB
../dist/public/assets/ReportsHub-BTu8h6rF.js                           6.99 kB │ gzip:   2.37 kB
../dist/public/assets/PlantAuditReport-DkzvpZ_W.js                     7.21 kB │ gzip:   2.06 kB
../dist/public/assets/dprGeometry-BGwNdSac.js                          7.23 kB │ gzip:   2.83 kB
../dist/public/assets/materialReceiptSummary-BnxizNp5.js               7.42 kB │ gzip:   2.74 kB
../dist/public/assets/RmcDeliveryChallans-Dnjy94C1.js                  8.12 kB │ gzip:   2.29 kB
../dist/public/assets/PlantStockTransfer-CPyIGR4u.js                   8.25 kB │ gzip:   2.80 kB
../dist/public/assets/SiteMaterialStock-vrP9mm_T.js                    8.28 kB │ gzip:   3.08 kB
../dist/public/assets/VendorMaster-EFm_Fi9A.js                         8.36 kB │ gzip:   3.02 kB
../dist/public/assets/MyPlans-SyP2rk4G.js                              8.50 kB │ gzip:   2.51 kB
../dist/public/assets/PlanVsActualTable-DEPx-Og_.js                    8.68 kB │ gzip:   2.37 kB
../dist/public/assets/StoresDieselRegister-Cf0_s-ep.js                 8.73 kB │ gzip:   2.91 kB
../dist/public/assets/PlantStockReassign-CQEJPMb0.js                   8.83 kB │ gzip:   2.92 kB
../dist/public/assets/EditRequestsPage-N1ygC5S8.js                     9.03 kB │ gzip:   3.02 kB
../dist/public/assets/vendorBillTransport-BHUkvRNO.js                  9.07 kB │ gzip:   3.15 kB
../dist/public/assets/ResourceReview-BHZd6E0T.js                       9.16 kB │ gzip:   3.68 kB
../dist/public/assets/StoresItems-Ofc4YZrX.js                          9.29 kB │ gzip:   3.01 kB
../dist/public/assets/PlantLedgerRebuild-LKaWlFL7.js                   9.31 kB │ gzip:   2.94 kB
../dist/public/assets/RmcHub-Dck7cubT.js                               9.58 kB │ gzip:   3.50 kB
../dist/public/assets/DataSync-Dh8zp2en.js                             9.67 kB │ gzip:   3.18 kB
../dist/public/assets/PlantProjectReport-6Vk3ult7.js                   9.81 kB │ gzip:   2.99 kB
../dist/public/assets/EquipmentActivityAllocationEditor-B6Uc87C4.js   10.08 kB │ gzip:   3.16 kB
../dist/public/assets/VehicleSupplierAssociationNotice-55xL3GTw.js    10.11 kB │ gzip:   4.00 kB
../dist/public/assets/SiteBackfill-oCVGqB_p.js                        10.30 kB │ gzip:   2.74 kB
../dist/public/assets/workTypeRecipes-CX9Gkvwj.js                     10.37 kB │ gzip:   3.62 kB
../dist/public/assets/browser-Hph_FhWo.js                             10.38 kB │ gzip:   5.11 kB
../dist/public/assets/ConcreteEstimates-D1uapLAH.js                   10.52 kB │ gzip:   3.47 kB
../dist/public/assets/PermissionMigrationAudit-TVbFsnJR.js            10.66 kB │ gzip:   3.24 kB
../dist/public/assets/PendingPlantReceipts-BY8gqXmJ.js                10.75 kB │ gzip:   3.42 kB
../dist/public/assets/BarArrangementPanel-CbNlIk3d.js                 10.82 kB │ gzip:   3.43 kB
../dist/public/assets/EquipmentStatus-DlWi_tCr.js                     11.16 kB │ gzip:   3.74 kB
../dist/public/assets/LineChart-BsklO45P.js                           11.17 kB │ gzip:   4.31 kB
../dist/public/assets/RmcDailyReport-ugUdBcEX.js                      11.26 kB │ gzip:   2.91 kB
../dist/public/assets/EquipmentMasterCreateDialog-DgSl3HuI.js         11.27 kB │ gzip:   3.58 kB
../dist/public/assets/PlantDieselProcurementReport-D_4lo4tP.js        11.34 kB │ gzip:   3.22 kB
../dist/public/assets/StoresHub-erPrBPl7.js                           11.57 kB │ gzip:   3.56 kB
../dist/public/assets/PlantHeatingMismatch-CNp_LQ1-.js                11.64 kB │ gzip:   3.19 kB
../dist/public/assets/ReceiptWorkContext-BIki6-VR.js                  11.66 kB │ gzip:   3.84 kB
../dist/public/assets/PlantVarianceReport-OaN4F3nv.js                 11.80 kB │ gzip:   3.42 kB
../dist/public/assets/Account-BfbwBWyc.js                             11.81 kB │ gzip:   3.49 kB
../dist/public/assets/HmpHub-Cuh0swDM.js                              11.91 kB │ gzip:   4.08 kB
../dist/public/assets/RmcMixDesigns-Dbp5pspe.js                       12.08 kB │ gzip:   3.17 kB
../dist/public/assets/RmcRawMaterials-BrTZYr8K.js                     13.03 kB │ gzip:   3.65 kB
../dist/public/assets/PlantGeneratorLogs-DTaqKEpE.js                  13.56 kB │ gzip:   4.39 kB
../dist/public/assets/StoresHome-BHixMC0k.js                          13.59 kB │ gzip:   2.94 kB
../dist/public/assets/BoqItemReview-CwAsVQxE.js                       13.60 kB │ gzip:   3.97 kB
../dist/public/assets/EarthworkControl-C_aPpzu8.js                    13.63 kB │ gzip:   3.97 kB
../dist/public/assets/MixComparativeReport-BNvCVmKQ.js                13.76 kB │ gzip:   4.02 kB
../dist/public/assets/mixCalc-8thFNMgU.js                             13.80 kB │ gzip:   5.28 kB
../dist/public/assets/command-R0PuIJj_.js                             13.91 kB │ gzip:   5.32 kB
../dist/public/assets/AdminSettings-D-O9zUO3.js                       14.45 kB │ gzip:   3.60 kB
../dist/public/assets/RmcCubeTests-ZC2ZPmGJ.js                        14.49 kB │ gzip:   4.38 kB
../dist/public/assets/SitePurchasesReport-BE0NFTQE.js                 14.61 kB │ gzip:   4.16 kB
../dist/public/assets/MixEstimates-BXr45cOs.js                        15.07 kB │ gzip:   4.63 kB
../dist/public/assets/PlantLdoReconciliation-9ePhjdym.js              15.20 kB │ gzip:   4.03 kB
../dist/public/assets/DprSections-DX2K9PZn.js                         15.25 kB │ gzip:   5.92 kB
../dist/public/assets/RmcBatchRecords-CTMgJDtU.js                     15.29 kB │ gzip:   4.26 kB
../dist/public/assets/IrnListPage-VRTGVd-j.js                         15.73 kB │ gzip:   4.28 kB
../dist/public/assets/EquipmentHireBilling-1BToW_bE.js                16.59 kB │ gzip:   5.00 kB
../dist/public/assets/BoqProjects-C4NoWh3z.js                         16.71 kB │ gzip:   4.93 kB
../dist/public/assets/EquipmentPerformanceReport-D5t22b6l.js          16.74 kB │ gzip:   5.24 kB
../dist/public/assets/PlantLdoBackfill-B0EryiGF.js                    17.26 kB │ gzip:   6.00 kB
../dist/public/assets/SiteHome-D5_WrhKK.js                            17.44 kB │ gzip:   3.62 kB
../dist/public/assets/PlanningMasters-DWQ6-2KQ.js                     17.47 kB │ gzip:   4.36 kB
../dist/public/assets/IrnRaisePage-DW9HuMii.js                        17.57 kB │ gzip:   5.46 kB
../dist/public/assets/PlantLdoDipBackfill-C5jI9IbA.js                 18.13 kB │ gzip:   6.24 kB
../dist/public/assets/ScenarioComparison-CSKQCJUi.js                  18.15 kB │ gzip:   4.37 kB
../dist/public/assets/PlantStockReconciliation-Dx7kWuhw.js            18.15 kB │ gzip:   5.75 kB
../dist/public/assets/PlantMaterialReturns-BnG2yw7e.js                18.72 kB │ gzip:   5.82 kB
../dist/public/assets/PlantHeatingTrends-CZGJRKhx.js                  19.23 kB │ gzip:   4.62 kB
../dist/public/assets/PlantMaterialIssues-D8-rjr9H.js                 20.33 kB │ gzip:   6.51 kB
../dist/public/assets/RoadGeometry-YibW8Gjl.js                        21.74 kB │ gzip:   6.70 kB
../dist/public/assets/ManagementReport-BaUJtxET.js                    22.39 kB │ gzip:   5.79 kB
../dist/public/assets/purify.es-Bzr520pe.js                           22.45 kB │ gzip:   8.59 kB
../dist/public/assets/StoresIssue-CB1G_oAF.js                         22.49 kB │ gzip:   6.27 kB
../dist/public/assets/NormsLibrary-BPTVswdV.js                        22.68 kB │ gzip:   5.66 kB
../dist/public/assets/ScopeSetup-RZ7t-eE6.js                          22.79 kB │ gzip:   6.48 kB
../dist/public/assets/BoqImportWizard-BJC3ji67.js                     24.65 kB │ gzip:   7.70 kB
../dist/public/assets/PlantDailyReports-C3v7Uuv8.js                   24.77 kB │ gzip:   7.43 kB
../dist/public/assets/vendor-datefns-Cuz_WERE.js                      25.06 kB │ gzip:   7.35 kB
../dist/public/assets/MixImpact-BuM0bk-A.js                           25.53 kB │ gzip:   6.96 kB
../dist/public/assets/BoqProgramSettings-B1lDFM9y.js                  26.77 kB │ gzip:   7.35 kB
../dist/public/assets/SiteMaterialsReceived-DhvuEyGe.js               27.28 kB │ gzip:   6.60 kB
../dist/public/assets/ExecutionArrangements-Buhu4h0X.js               28.89 kB │ gzip:   8.64 kB
../dist/public/assets/SiteRequirementNew-DIOiQFZN.js                  28.91 kB │ gzip:   7.24 kB
../dist/public/assets/RateCards-584qIB7F.js                           30.44 kB │ gzip:   7.82 kB
../dist/public/assets/zod-D40P_XHV.js                                 30.60 kB │ gzip:  11.25 kB
../dist/public/assets/DprEquipmentReadOnlyRow-Buz_HQA7.js             30.81 kB │ gzip:   9.30 kB
../dist/public/assets/PlantDailyReport-Co_6leaX.js                    31.39 kB │ gzip:   7.46 kB
../dist/public/assets/PlantMaintenance-DD2yjmDF.js                    34.21 kB │ gzip:   8.37 kB
../dist/public/assets/vendor-query-PIdvf_Vq.js                        36.31 kB │ gzip:  10.75 kB
../dist/public/assets/BillItemPicker-ysvrr_W9.js                      36.58 kB │ gzip:  11.49 kB
../dist/public/assets/SiteReport-DwvgzqVv.js                          38.15 kB │ gzip:  12.20 kB
../dist/public/assets/PlantLdoMismatch-CKGXSQF2.js                    42.12 kB │ gzip:  11.37 kB
../dist/public/assets/SiteDashboard-DDEnIdza.js                       42.37 kB │ gzip:  10.52 kB
../dist/public/assets/PlantDispatches-COwCVIbT.js                     45.48 kB │ gzip:  12.08 kB
../dist/public/assets/PlantHeatingSessions-CZS9hQV6.js                47.24 kB │ gzip:  11.49 kB
../dist/public/assets/planningEngine-CE_OBgjt.js                      47.36 kB │ gzip:  14.15 kB
../dist/public/assets/ProgressReport-DSx-Yyzl.js                      47.98 kB │ gzip:  13.14 kB
../dist/public/assets/EarthworkArrangementDialog-BUxDx0ef.js          50.59 kB │ gzip:  13.44 kB
../dist/public/assets/SiteMaterialTrips-CHf236fr.js                   53.85 kB │ gzip:  14.67 kB
../dist/public/assets/PlantBitumenStock-Be7p0eIx.js                   55.38 kB │ gzip:  13.36 kB
../dist/public/assets/IrnDetailPage-BDVaOdnE.js                       57.75 kB │ gzip:  12.48 kB
../dist/public/assets/PlantShiftLog-iv3l1dr5.js                       59.56 kB │ gzip:  15.10 kB
../dist/public/assets/index-CFEKd020.js                               60.06 kB │ gzip:  14.39 kB
../dist/public/assets/PlantEquipmentUsage-B7q_fwBL.js                 60.72 kB │ gzip:  16.36 kB
../dist/public/assets/SiteRequirementsList-mtiz1veN.js                61.60 kB │ gzip:  14.82 kB
../dist/public/assets/PlantMaterialReceipts-eVlPKBMl.js               63.14 kB │ gzip:  17.06 kB
../dist/public/assets/ConcreteCalculatorV2-eJRI4tTM.js                69.85 kB │ gzip:  16.41 kB
../dist/public/assets/StoresGrn-CEC4kB-0.js                           70.62 kB │ gzip:  16.02 kB
../dist/public/assets/DieselRequirements-C4qmkoY3.js                  77.01 kB │ gzip:  17.83 kB
../dist/public/assets/PlantShiftLogManpowerReview-Cvxp9Jr6.js         78.80 kB │ gzip:  17.76 kB
../dist/public/assets/Home-CQjNIegH.js                                79.23 kB │ gzip:  18.60 kB
../dist/public/assets/GuidedDpr-BZ73xvcu.js                           79.63 kB │ gzip:  22.44 kB
../dist/public/assets/PlantLdoFlowMeter-pn_XVRDX.js                   80.42 kB │ gzip:  17.47 kB
../dist/public/assets/PlantStock-BSX6xiU8.js                          97.93 kB │ gzip:  21.72 kB
../dist/public/assets/WorkDemand-DSPOnrV7.js                          98.14 kB │ gzip:  21.66 kB
../dist/public/assets/SiteEdit-BNIN4P0V.js                           100.10 kB │ gzip:  25.91 kB
../dist/public/assets/DprEquipmentCompact-BbEL4Nq5.js                110.09 kB │ gzip:  30.26 kB
../dist/public/assets/BoqProjectDetail-Dn0NzIGx.js                   115.35 kB │ gzip:  27.39 kB
../dist/public/assets/SiteEntry-CxYn2DcE.js                          123.74 kB │ gzip:  32.08 kB
../dist/public/assets/schema-R010yAGm.js                             140.57 kB │ gzip:  30.96 kB
../dist/public/assets/vendor-react-Cl_Mqf2b.js                       142.43 kB │ gzip:  45.80 kB
../dist/public/assets/index-D3iwzbHJ.js                              143.95 kB │ gzip:  43.66 kB
../dist/public/assets/Plant-DQYUj3hz.js                              144.10 kB │ gzip:  30.25 kB
../dist/public/assets/WorkProgramme-Dy0esTvP.js                      149.33 kB │ gzip:  39.88 kB
../dist/public/assets/vendor-radix-DbdvgqTz.js                       150.57 kB │ gzip:  45.60 kB
../dist/public/assets/index.es-BWvdbIiy.js                           158.77 kB │ gzip:  52.90 kB
../dist/public/assets/html2canvas.esm-DXEQVQnt.js                    201.04 kB │ gzip:  47.07 kB
../dist/public/assets/ConcreteCalculator-BOR_l0t5.js                 206.72 kB │ gzip:  46.23 kB
../dist/public/assets/PurchaseIndents-Bv9p9cRL.js                    212.17 kB │ gzip:  47.07 kB
../dist/public/assets/VendorBills-CodYtR0E.js                        270.41 kB │ gzip:  71.69 kB
../dist/public/assets/generateCategoricalChart-D_cWIsaO.js           380.51 kB │ gzip: 104.76 kB
../dist/public/assets/jspdf.plugin.autotable-Di2ijIpM.js             410.12 kB │ gzip: 131.24 kB
../dist/public/assets/xlsx-CNerDvZX.js                               429.19 kB │ gzip: 141.77 kB
../dist/public/assets/UserManagement-BA45g8zH.js                     803.91 kB │ gzip: 126.73 kB

(!) Some chunks are larger than 500 kB after minification. Consider:
- Using dynamic import() to code-split the application
- Use build.rollupOptions.output.manualChunks to improve chunking: https://rollupjs.org/configuration-options/#output-manualchunks
- Adjust chunk size limit for this warning via build.chunkSizeWarningLimit.
✓ built in 25.51s
building server...

  dist/index.cjs  4.4mb ⚠️

⚡ Done in 2092ms
npm notice
npm notice New major version of npm available! 10.8.2 -> 12.2.0
npm notice Changelog: https://github.com/npm/cli/releases/tag/v12.2.0
npm notice To update run: npm install -g npm@12.2.0
npm notice
